 mariposa

 Timestamp is 5f9fec61 (Mon Nov  2 12:24:17 2020)

 Preferred load address is 0000000180000000

 Start         Length     Name                   Class
 0001:00000000 0003aa50H .text$mn                CODE
 0001:0003aa50 00000040H .text$mn$00             CODE
 0001:0003aa90 0000069dH .text$x                 CODE
 0002:00000000 00000250H .idata$5                DATA
 0002:00000250 00000028H .00cfg                  DATA
 0002:00000278 00000008H .CRT$XCA                DATA
 0002:00000280 00000008H .CRT$XCZ                DATA
 0002:00000288 00000008H .CRT$XIA                DATA
 0002:00000290 00000018H .CRT$XIC                DATA
 0002:000002a8 00000008H .CRT$XIZ                DATA
 0002:000002b0 00000008H .CRT$XPA                DATA
 0002:000002b8 00000010H .CRT$XPX                DATA
 0002:000002c8 00000008H .CRT$XPXA               DATA
 0002:000002d0 00000008H .CRT$XPZ                DATA
 0002:000002d8 00000008H .CRT$XTA                DATA
 0002:000002e0 00000010H .CRT$XTZ                DATA
 0002:000002e8 00000000H .gfids$y                DATA
 0002:000002f0 00010940H .rdata                  DATA
 0002:00010c30 0000016cH .rdata$r                DATA
 0002:00010d9c 000002e4H .rdata$zzzdbg           DATA
 0002:00011080 00000008H .rtc$IAA                DATA
 0002:00011088 00000008H .rtc$IZZ                DATA
 0002:00011090 00000008H .rtc$TAA                DATA
 0002:00011098 00000008H .rtc$TZZ                DATA
 0002:000110a0 000011e0H .xdata                  DATA
 0002:00012280 00000090H .xdata$x                DATA
 0002:00012310 00000084H .edata                  DATA
 0002:00012394 00000014H .idata$2                DATA
 0002:000123a8 00000018H .idata$3                DATA
 0002:000123c0 00000250H .idata$4                DATA
 0002:00012610 00000562H .idata$6                DATA
 0003:00000000 00000a50H .data                   DATA
 0003:00000a50 00000070H .data$r                 DATA
 0003:00000ac0 00001860H .bss                    DATA
 0004:00000000 00002e74H .pdata                  DATA
 0005:00000000 00000094H _RDATA                  DATA

  Address         Publics by Value              Rva+Base               Lib:Object

 0000:00000000       __guard_longjmp_count      0000000000000000     <absolute>
 0000:00000000       __arm64x_redirection_metadata 0000000000000000     <absolute>
 0000:00000000       __guard_fids_count         0000000000000000     <absolute>
 0000:00000000       __hybrid_code_map_count    0000000000000000     <absolute>
 0000:00000000       __x64_code_ranges_to_entry_points 0000000000000000     <absolute>
 0000:00000000       __guard_iat_table          0000000000000000     <absolute>
 0000:00000000       __hybrid_code_map          0000000000000000     <absolute>
 0000:00000000       __guard_iat_count          0000000000000000     <absolute>
 0000:00000000       __guard_eh_cont_count      0000000000000000     <absolute>
 0000:00000000       __arm64x_native_entrypoint 0000000000000000     <absolute>
 0000:00000000       __volatile_metadata        0000000000000000     <absolute>
 0000:00000000       __guard_longjmp_table      0000000000000000     <absolute>
 0000:00000000       __guard_eh_cont_table      0000000000000000     <absolute>
 0000:00000000       __enclave_config           0000000000000000     <absolute>
 0000:00000000       __AbsoluteZero             0000000000000000     <absolute>
 0000:00000000       ___safe_se_handler_count   0000000000000000     <absolute>
 0000:00000000       __dynamic_value_reloc_table 0000000000000000     <absolute>
 0000:00000000       ___safe_se_handler_table   0000000000000000     <absolute>
 0000:00000000       __guard_fids_table         0000000000000000     <absolute>
 0000:00000000       __hybrid_auxiliary_iat     0000000000000000     <absolute>
 0000:00000100       __guard_flags              0000000000000100     <absolute>
 0000:00000000       __ImageBase                0000000180000000     <linker-defined>
 0001:00000000       ?Normalisevec3@@YA?AUvec3@@U1@@Z 0000000180001000 f   mariposa.obj
 0001:000000e0       ?vec3Dot@@YAMUvec3@@0@Z    00000001800010e0 f   mariposa.obj
 0001:00000150       ?vec3Cross@@YA?AUvec3@@U1@0@Z 0000000180001150 f   mariposa.obj
 0001:00000240       ??D@YA?AUmat4x4@@U0@0@Z    0000000180001240 f   mariposa.obj
 0001:00000960       ?Mat4RotateX@@YA?AUmat4x4@@M@Z 0000000180001960 f   mariposa.obj
 0001:00000aa0       ?Mat4RotateY@@YA?AUmat4x4@@M@Z 0000000180001aa0 f   mariposa.obj
 0001:00000be0       ?Mat4RotateZ@@YA?AUmat4x4@@M@Z 0000000180001be0 f   mariposa.obj
 0001:00000d20       ?LookAt@@YA?AUmat4x4@@Uvec3@@00@Z 0000000180001d20 f   mariposa.obj
 0001:000013a0       ?Perspective@@YA?AUmat4x4@@MMMM@Z 00000001800023a0 f   mariposa.obj
 0001:00002810       BuildWorld                 0000000180003810 f   mariposa.obj
 0001:00002a80       GameUpdateAndRender        0000000180003a80 f   mariposa.obj
 0001:00002bf0       GetSoundSamples            0000000180003bf0 f   mariposa.obj
 0001:00002c30       ??G@YA?AUvec3@@U0@0@Z      0000000180003c30 f i mariposa.obj
 0001:00002cd0       ??H@YA?AUvec3@@U0@0@Z      0000000180003cd0 f i mariposa.obj
 0001:00002d70       ??Y@YAAEAUvec3@@AEAU0@U0@@Z 0000000180003d70 f i mariposa.obj
 0001:00002e20       __GSHandlerCheck           0000000180003e20 f   LIBCMTD:gshandler.obj
 0001:00002e60       __GSHandlerCheckCommon     0000000180003e60 f   LIBCMTD:gshandler.obj
 0001:00002f70       __security_check_cookie    0000000180003f70 f   LIBCMTD:amdsecgs.obj
 0001:000033b0       _DllMainCRTStartup         00000001800043b0 f   LIBCMTD:dll_dllmain.obj
 0001:000033f0       __raise_securityfailure    00000001800043f0 f   LIBCMTD:gs_report.obj
 0001:00003430       __report_gsfailure         0000000180004430 f   LIBCMTD:gs_report.obj
 0001:00003510       __report_rangecheckfailure 0000000180004510 f   LIBCMTD:gs_report.obj
 0001:00003530       __report_securityfailure   0000000180004530 f   LIBCMTD:gs_report.obj
 0001:000037f0       __security_init_cookie     00000001800047f0 f   LIBCMTD:gs_support.obj
 0001:00003870       DllMain                    0000000180004870 f   LIBCMTD:dll_dllmain_stub.obj
 0001:00003890       ?__scrt_initialize_type_info@@YAXXZ 0000000180004890 f   LIBCMTD:tncleanup.obj
 0001:000038b0       ?__scrt_uninitialize_type_info@@YAXXZ 00000001800048b0 f   LIBCMTD:tncleanup.obj
 0001:000038d0       __local_stdio_printf_options 00000001800048d0 f i LIBCMTD:default_local_stdio_options.obj
 0001:000038e0       __local_stdio_scanf_options 00000001800048e0 f i LIBCMTD:default_local_stdio_options.obj
 0001:000038f0       __scrt_initialize_default_local_stdio_options 00000001800048f0 f   LIBCMTD:default_local_stdio_options.obj
 0001:00003940       ?configure_argv@__scrt_narrow_argv_policy@@SAHXZ 0000000180004940 f i LIBCMTD:utility.obj
 0001:00003a30       ?initialize_environment@__scrt_narrow_environment_policy@@SAHXZ 0000000180004a30 f i LIBCMTD:utility.obj
 0001:00003ad0       NtCurrentTeb               0000000180004ad0 f i LIBCMTD:utility.obj
 0001:00003ae0       __scrt_acquire_startup_lock 0000000180004ae0 f   LIBCMTD:utility.obj
 0001:00003b50       __scrt_dllmain_after_initialize_c 0000000180004b50 f   LIBCMTD:utility.obj
 0001:00003b80       __scrt_dllmain_before_initialize_c 0000000180004b80 f   LIBCMTD:utility.obj
 0001:00003ba0       __scrt_dllmain_crt_thread_attach 0000000180004ba0 f   LIBCMTD:utility.obj
 0001:00003bd0       __scrt_dllmain_crt_thread_detach 0000000180004bd0 f   LIBCMTD:utility.obj
 0001:00003bf0       __scrt_dllmain_exception_filter 0000000180004bf0 f   LIBCMTD:utility.obj
 0001:00003c60       __scrt_dllmain_uninitialize_c 0000000180004c60 f   LIBCMTD:utility.obj
 0001:00003c90       __scrt_dllmain_uninitialize_critical 0000000180004c90 f   LIBCMTD:utility.obj
 0001:00003cb0       __scrt_initialize_crt      0000000180004cb0 f   LIBCMTD:utility.obj
 0001:00003d00       __scrt_initialize_onexit_tables 0000000180004d00 f   LIBCMTD:utility.obj
 0001:00003e10       __scrt_is_nonwritable_in_current_image 0000000180004e10 f   LIBCMTD:utility.obj
 0001:00003ea0       __scrt_release_startup_lock 0000000180004ea0 f   LIBCMTD:utility.obj
 0001:00003ed0       __scrt_uninitialize_crt    0000000180004ed0 f   LIBCMTD:utility.obj
 0001:00003f10       __scrt_get_dyn_tls_init_callback 0000000180004f10 f   LIBCMTD:dyn_tls_init.obj
 0001:00003f20       __crt_debugger_hook        0000000180004f20 f   LIBCMTD:utility_desktop.obj
 0001:00003f30       __scrt_fastfail            0000000180004f30 f   LIBCMTD:utility_desktop.obj
 0001:000040d0       _RTC_Initialize            00000001800050d0 f   LIBCMTD:initsect.obj
 0001:00004120       _RTC_Terminate             0000000180005120 f   LIBCMTD:initsect.obj
 0001:00004170       _guard_check_icall_nop     0000000180005170 f i LIBCMTD:guard_support.obj
 0001:00004170       ??1?$__crt_simd_cleanup_guard@$0A@@@QEAA@XZ 0000000180005170 f i libucrtd:strnlen.obj
 0001:00004170       ??1scoped_global_state_reset@__crt_state_management@@QEAA@XZ 0000000180005170 f i libucrtd:onexit.obj
 0001:00004180       ?__crt_interlocked_read_64@@YA_JPED_J@Z 0000000180005180 f i libvcruntimed:std_type_info.obj
 0001:00004180       ReadNoFence64              0000000180005180 f i LIBCMTD:guard_support.obj
 0001:000041a0       ??$__crt_interlocked_read_pointer@X@@YAPEAXPEDSEAX@Z 00000001800051a0 f i libvcruntimed:winapi_downlevel.obj
 0001:000041a0       ??$__crt_interlocked_read_pointer@UHINSTANCE__@@@@YAPEAUHINSTANCE__@@PEDSEAU0@@Z 00000001800051a0 f i libvcruntimed:winapi_downlevel.obj
 0001:000041a0       ReadPointerNoFence         00000001800051a0 f i LIBCMTD:guard_support.obj
 0001:000041c0       _guard_icall_checks_enforced 00000001800051c0 f i LIBCMTD:guard_support.obj
 0001:00004200       __isa_available_init       0000000180005200 f   LIBCMTD:cpu_disp.obj
 0001:000045a0       _get_startup_argv_mode     00000001800055a0 f   LIBCMTD:argv_mode.obj
 0001:000045b0       __scrt_is_ucrt_dll_in_use  00000001800055b0 f   LIBCMTD:ucrt_detection.obj
 0001:000045e0       IsProcessorFeaturePresent  00000001800055e0 f   kernel32:KERNEL32.dll
 0001:000045f0       __C_specific_handler       00000001800055f0 f   libvcruntimed:riscchandler.obj
 0001:00004a60       ??$?RPEAD@__crt_internal_free_policy@@QEBAXQEBQEAD@Z 0000000180005a60 f i libucrtd:argv_parsing.obj
 0001:00004a60       ??$?RD@__crt_internal_free_policy@@QEBAXQEBD@Z 0000000180005a60 f i libvcruntimed:std_type_info.obj
 0001:00004a60       ??$?RU__crt_multibyte_data@@@__crt_internal_free_policy@@QEBAXQEBU__crt_multibyte_data@@@Z 0000000180005a60 f i libucrtd:mbctype.obj
 0001:00004a60       ??$?RU__vcrt_ptd@@@__crt_internal_free_policy@@QEBAXQEBU__vcrt_ptd@@@Z 0000000180005a60 f i libvcruntimed:per_thread_data.obj
 0001:00004a60       ??$?RU__crt_lowio_handle_data@@@__crt_internal_free_policy@@QEBAXQEBU__crt_lowio_handle_data@@@Z 0000000180005a60 f i libucrtd:osfinfo.obj
 0001:00004a60       ??$?RPEAU__crt_stdio_stream_data@@@__crt_internal_free_policy@@QEBAXQEBQEAU__crt_stdio_stream_data@@@Z 0000000180005a60 f i libucrtd:_file.obj
 0001:00004a60       ??$?RU__acrt_ptd@@@__crt_internal_free_policy@@QEBAXQEBU__acrt_ptd@@@Z 0000000180005a60 f i libucrtd:per_thread_data.obj
 0001:00004a60       ??$?RE@__crt_internal_free_policy@@QEBAXQEBE@Z 0000000180005a60 f i libucrtd:argv_parsing.obj
 0001:00004a90       ??0?$__crt_unique_heap_ptr@DU__crt_internal_free_policy@@@@QEAA@QEAD@Z 0000000180005a90 f i libvcruntimed:std_type_info.obj
 0001:00004a90       ??0?$__crt_unique_heap_ptr@DU__crt_public_free_policy@@@@QEAA@QEAD@Z 0000000180005a90 f i libvcruntimed:std_exception.obj
 0001:00004a90       ??0?$__crt_unique_heap_ptr@PEAU__crt_stdio_stream_data@@U__crt_internal_free_policy@@@@QEAA@QEAPEAU__crt_stdio_stream_data@@@Z 0000000180005a90 f i libucrtd:_file.obj
 0001:00004a90       ??0?$string_output_adapter@_W@__crt_stdio_output@@QEAA@QEAU?$string_output_adapter_context@_W@1@@Z 0000000180005a90 f i libucrtd:output.obj
 0001:00004a90       ??0?$__crt_unique_heap_ptr@U__crt_lowio_handle_data@@U__crt_internal_free_policy@@@@QEAA@QEAU__crt_lowio_handle_data@@@Z 0000000180005a90 f i libucrtd:osfinfo.obj
 0001:00004a90       ??0?$__crt_unique_heap_ptr@EU__crt_internal_free_policy@@@@QEAA@QEAE@Z 0000000180005a90 f i libucrtd:argv_parsing.obj
 0001:00004a90       ??0?$__crt_unique_heap_ptr@U__acrt_ptd@@U__crt_internal_free_policy@@@@QEAA@QEAU__acrt_ptd@@@Z 0000000180005a90 f i libucrtd:per_thread_data.obj
 0001:00004a90       ??0?$__crt_scoped_stack_ptr_tag@_W@@QEAA@QEA_W@Z 0000000180005a90 f i libucrtd:getstringtypea.obj
 0001:00004a90       ??0?$__crt_unique_heap_ptr@U__vcrt_ptd@@U__crt_internal_free_policy@@@@QEAA@QEAU__vcrt_ptd@@@Z 0000000180005a90 f i libvcruntimed:per_thread_data.obj
 0001:00004a90       ??0__crt_stdio_stream@@QEAA@QEAU__crt_stdio_stream_data@@@Z 0000000180005a90 f i libucrtd:fflush.obj
 0001:00004a90       ??0?$string_output_adapter@D@__crt_stdio_output@@QEAA@QEAU?$string_output_adapter_context@D@1@@Z 0000000180005a90 f i libucrtd:output.obj
 0001:00004a90       ??0?$__crt_unique_heap_ptr@PEADU__crt_internal_free_policy@@@@QEAA@QEAPEAD@Z 0000000180005a90 f i libucrtd:argv_parsing.obj
 0001:00004a90       ??0?$__crt_unique_handle_t@U__crt_findfile_traits@@@@QEAA@QEAX@Z 0000000180005a90 f i libucrtd:argv_wildcards.obj
 0001:00004a90       ??0?$__crt_scoped_stack_ptr@_W@@QEAA@U?$__crt_scoped_stack_ptr_tag@_W@@@Z 0000000180005a90 f i libucrtd:getstringtypea.obj
 0001:00004a90       ??0__crt_stdio_stream@@QEAA@QEAU_iobuf@@@Z 0000000180005a90 f i libucrtd:output.obj
 0001:00004a90       ??0?$__crt_unique_heap_ptr@U__crt_multibyte_data@@U__crt_internal_free_policy@@@@QEAA@QEAU__crt_multibyte_data@@@Z 0000000180005a90 f i libucrtd:mbctype.obj
 0001:00004a90       ??0?$__crt_unique_handle_t@U__crt_hmodule_traits@@@@QEAA@QEAUHINSTANCE__@@@Z 0000000180005a90 f i libucrtd:exit.obj
 0001:00004ab0       ??1?$__crt_unique_heap_ptr@PEADU__crt_internal_free_policy@@@@QEAA@XZ 0000000180005ab0 f i libucrtd:argv_parsing.obj
 0001:00004ab0       ??1?$__crt_unique_heap_ptr@DU__crt_internal_free_policy@@@@QEAA@XZ 0000000180005ab0 f i libvcruntimed:std_type_info.obj
 0001:00004ab0       ??1?$__crt_unique_heap_ptr@U__acrt_ptd@@U__crt_internal_free_policy@@@@QEAA@XZ 0000000180005ab0 f i libucrtd:per_thread_data.obj
 0001:00004ab0       ??1?$__crt_unique_heap_ptr@EU__crt_internal_free_policy@@@@QEAA@XZ 0000000180005ab0 f i libucrtd:argv_parsing.obj
 0001:00004ab0       ??1?$__crt_unique_heap_ptr@U__vcrt_ptd@@U__crt_internal_free_policy@@@@QEAA@XZ 0000000180005ab0 f i libvcruntimed:per_thread_data.obj
 0001:00004ab0       ??1?$__crt_unique_heap_ptr@U__crt_multibyte_data@@U__crt_internal_free_policy@@@@QEAA@XZ 0000000180005ab0 f i libucrtd:mbctype.obj
 0001:00004ab0       ??1?$__crt_unique_heap_ptr@U__crt_lowio_handle_data@@U__crt_internal_free_policy@@@@QEAA@XZ 0000000180005ab0 f i libucrtd:osfinfo.obj
 0001:00004ab0       ??1?$__crt_unique_heap_ptr@PEAU__crt_stdio_stream_data@@U__crt_internal_free_policy@@@@QEAA@XZ 0000000180005ab0 f i libucrtd:_file.obj
 0001:00004ad0       ??B?$__crt_unique_heap_ptr@EU__crt_internal_free_policy@@@@QEBA_NXZ 0000000180005ad0 f i libucrtd:argv_parsing.obj
 0001:00004ad0       ??B?$__crt_unique_heap_ptr@U__acrt_ptd@@U__crt_internal_free_policy@@@@QEBA_NXZ 0000000180005ad0 f i libucrtd:per_thread_data.obj
 0001:00004ad0       ??B?$__crt_unique_heap_ptr@U__vcrt_ptd@@U__crt_internal_free_policy@@@@QEBA_NXZ 0000000180005ad0 f i libvcruntimed:per_thread_data.obj
 0001:00004ad0       ??B?$__crt_unique_heap_ptr@DU__crt_internal_free_policy@@@@QEBA_NXZ 0000000180005ad0 f i libvcruntimed:std_type_info.obj
 0001:00004ad0       ??B?$__crt_unique_heap_ptr@DU__crt_public_free_policy@@@@QEBA_NXZ 0000000180005ad0 f i libvcruntimed:std_exception.obj
 0001:00004ad0       ??B?$__crt_unique_heap_ptr@U__crt_lowio_handle_data@@U__crt_internal_free_policy@@@@QEBA_NXZ 0000000180005ad0 f i libucrtd:osfinfo.obj
 0001:00004ad0       ??B?$__crt_unique_heap_ptr@U__crt_multibyte_data@@U__crt_internal_free_policy@@@@QEBA_NXZ 0000000180005ad0 f i libucrtd:mbctype.obj
 0001:00004af0       ??C__crt_stdio_stream@@QEBAPEAU__crt_stdio_stream_data@@XZ 0000000180005af0 f i libucrtd:output.obj
 0001:00004af0       ?save_state@?$c_string_character_source@D@__crt_strtox@@QEBAPEBDXZ 0000000180005af0 f i libucrtd:atox.obj
 0001:00004af0       ?save_state@?$c_string_character_source@_W@__crt_strtox@@QEBAPEB_WXZ 0000000180005af0 f i libucrtd:atox.obj
 0001:00004af0       ?get@?$__crt_unique_handle_t@U__crt_hmodule_traits@@@@QEBAPEAUHINSTANCE__@@XZ 0000000180005af0 f i libucrtd:exit.obj
 0001:00004af0       ?get@?$__crt_unique_heap_ptr@EU__crt_internal_free_policy@@@@QEBAPEAEXZ 0000000180005af0 f i libucrtd:argv_parsing.obj
 0001:00004af0       ?get@?$__crt_unique_heap_ptr@U__vcrt_ptd@@U__crt_internal_free_policy@@@@QEBAPEAU__vcrt_ptd@@XZ 0000000180005af0 f i libvcruntimed:per_thread_data.obj
 0001:00004af0       ?get@?$__crt_unique_heap_ptr@U__crt_multibyte_data@@U__crt_internal_free_policy@@@@QEBAPEAU__crt_multibyte_data@@XZ 0000000180005af0 f i libucrtd:mbctype.obj
 0001:00004af0       ?get@?$__crt_unique_heap_ptr@U__acrt_ptd@@U__crt_internal_free_policy@@@@QEBAPEAU__acrt_ptd@@XZ 0000000180005af0 f i libucrtd:per_thread_data.obj
 0001:00004af0       ?get@?$__crt_scoped_stack_ptr@_W@@QEBAPEA_WXZ 0000000180005af0 f i libucrtd:getstringtypea.obj
 0001:00004af0       ?get@?$__crt_unique_heap_ptr@U__crt_lowio_handle_data@@U__crt_internal_free_policy@@@@QEBAPEAU__crt_lowio_handle_data@@XZ 0000000180005af0 f i libucrtd:osfinfo.obj
 0001:00004af0       ?get@?$__crt_unique_handle_t@U__crt_findfile_traits@@@@QEBAPEAXXZ 0000000180005af0 f i libucrtd:argv_wildcards.obj
 0001:00004af0       ?get@?$__crt_unique_heap_ptr@PEADU__crt_internal_free_policy@@@@QEBAPEAPEADXZ 0000000180005af0 f i libucrtd:argv_parsing.obj
 0001:00004af0       ?public_stream@__crt_stdio_stream@@QEBAPEAU_iobuf@@XZ 0000000180005af0 f i libucrtd:output.obj
 0001:00004af0       ?get@?$__crt_unique_heap_ptr@DU__crt_public_free_policy@@@@QEBAPEADXZ 0000000180005af0 f i libvcruntimed:std_exception.obj
 0001:00004af0       ?get@?$__crt_unique_heap_ptr@DU__crt_internal_free_policy@@@@QEBAPEADXZ 0000000180005af0 f i libvcruntimed:std_type_info.obj
 0001:00004b00       ?is_valid@?$__crt_unique_heap_ptr@EU__crt_internal_free_policy@@@@QEBA_NXZ 0000000180005b00 f i libucrtd:argv_parsing.obj
 0001:00004b00       ??B?$__crt_scoped_stack_ptr@_W@@QEBA_NXZ 0000000180005b00 f i libucrtd:lcmapstringa.obj
 0001:00004b00       ?is_valid@?$__crt_unique_heap_ptr@DU__crt_internal_free_policy@@@@QEBA_NXZ 0000000180005b00 f i libvcruntimed:std_type_info.obj
 0001:00004b00       ?is_valid@?$__crt_unique_heap_ptr@U__vcrt_ptd@@U__crt_internal_free_policy@@@@QEBA_NXZ 0000000180005b00 f i libvcruntimed:per_thread_data.obj
 0001:00004b00       ?is_valid@?$__crt_unique_heap_ptr@U__crt_multibyte_data@@U__crt_internal_free_policy@@@@QEBA_NXZ 0000000180005b00 f i libucrtd:mbctype.obj
 0001:00004b00       ?is_valid@?$__crt_unique_heap_ptr@U__crt_lowio_handle_data@@U__crt_internal_free_policy@@@@QEBA_NXZ 0000000180005b00 f i libucrtd:osfinfo.obj
 0001:00004b00       ?is_valid@?$__crt_unique_heap_ptr@U__acrt_ptd@@U__crt_internal_free_policy@@@@QEBA_NXZ 0000000180005b00 f i libucrtd:per_thread_data.obj
 0001:00004b00       ?valid@__crt_stdio_stream@@QEBA_NXZ 0000000180005b00 f i libucrtd:output.obj
 0001:00004b00       ?is_valid@?$__crt_unique_heap_ptr@DU__crt_public_free_policy@@@@QEBA_NXZ 0000000180005b00 f i libvcruntimed:std_exception.obj
 0001:00004b30       ?release@?$__crt_unique_heap_ptr@DU__crt_internal_free_policy@@@@QEAAXXZ 0000000180005b30 f i libvcruntimed:std_type_info.obj
 0001:00004b30       ?release@?$__crt_unique_heap_ptr@U__acrt_ptd@@U__crt_internal_free_policy@@@@QEAAXXZ 0000000180005b30 f i libucrtd:per_thread_data.obj
 0001:00004b30       ?release@?$__crt_unique_heap_ptr@U__vcrt_ptd@@U__crt_internal_free_policy@@@@QEAAXXZ 0000000180005b30 f i libvcruntimed:per_thread_data.obj
 0001:00004b30       ?release@?$__crt_unique_heap_ptr@PEADU__crt_internal_free_policy@@@@QEAAXXZ 0000000180005b30 f i libucrtd:argv_parsing.obj
 0001:00004b30       ?release@?$__crt_unique_heap_ptr@EU__crt_internal_free_policy@@@@QEAAXXZ 0000000180005b30 f i libucrtd:argv_parsing.obj
 0001:00004b30       ?release@?$__crt_unique_heap_ptr@U__crt_lowio_handle_data@@U__crt_internal_free_policy@@@@QEAAXXZ 0000000180005b30 f i libucrtd:osfinfo.obj
 0001:00004b30       ?release@?$__crt_unique_heap_ptr@PEAU__crt_stdio_stream_data@@U__crt_internal_free_policy@@@@QEAAXXZ 0000000180005b30 f i libucrtd:_file.obj
 0001:00004b30       ?release@?$__crt_unique_heap_ptr@U__crt_multibyte_data@@U__crt_internal_free_policy@@@@QEAAXXZ 0000000180005b30 f i libucrtd:mbctype.obj
 0001:00004b60       __std_type_info_compare    0000000180005b60 f   libvcruntimed:std_type_info.obj
 0001:00004ba0       __std_type_info_destroy_list 0000000180005ba0 f   libvcruntimed:std_type_info.obj
 0001:00004c00       __vcrt_initialize          0000000180005c00 f   libvcruntimed:initialization.obj
 0001:00004c40       __vcrt_thread_attach       0000000180005c40 f   libvcruntimed:initialization.obj
 0001:00004c60       __vcrt_thread_detach       0000000180005c60 f   libvcruntimed:initialization.obj
 0001:00004c80       __vcrt_uninitialize        0000000180005c80 f   libvcruntimed:initialization.obj
 0001:00004ca0       __vcrt_uninitialize_critical 0000000180005ca0 f   libvcruntimed:initialization.obj
 0001:00004cc0       __DestructExceptionObject  0000000180005cc0 f   libvcruntimed:ehhelpers.obj
 0001:00004dc0       ?_CallMemberFunction0@@YAXQEAX0@Z 0000000180005dc0 f i libvcruntimed:ehhelpers.obj
 0001:00004e90       _IsExceptionObjectToBeDestroyed 0000000180005e90 f   libvcruntimed:ehhelpers.obj
 0001:00004ee0       __AdjustPointer            0000000180005ee0 f   libvcruntimed:ehhelpers.obj
 0001:00004f60       __FrameUnwindFilter        0000000180005f60 f   libvcruntimed:ehhelpers.obj
 0001:00005020       _NLG_Notify                0000000180006020 f   libvcruntimed:notify.obj
 0001:00005040       __NLG_Dispatch2            0000000180006040 f   libvcruntimed:notify.obj
 0001:00005050       __NLG_Return2              0000000180006050 f   libvcruntimed:notify.obj
 0001:00005060       __except_validate_context_record 0000000180006060 f   libvcruntimed:jbcxrval.obj
 0001:000050c0       _vsprintf_s_l              00000001800060c0 f i libvcruntimed:undname.obj
 0001:00005130       sprintf_s                  0000000180006130 f i libvcruntimed:undname.obj
 0001:000051d0       ?detach@?$__crt_unique_heap_ptr@U__crt_lowio_handle_data@@U__crt_internal_free_policy@@@@QEAAPEAU__crt_lowio_handle_data@@XZ 00000001800061d0 f i libucrtd:osfinfo.obj
 0001:000051d0       ?detach@?$__crt_unique_heap_ptr@EU__crt_internal_free_policy@@@@QEAAPEAEXZ 00000001800061d0 f i libucrtd:argv_parsing.obj
 0001:000051d0       ?detach@?$__crt_unique_heap_ptr@PEADU__crt_internal_free_policy@@@@QEAAPEAPEADXZ 00000001800061d0 f i libucrtd:argv_parsing.obj
 0001:000051d0       ?detach@?$__crt_unique_heap_ptr@U__vcrt_ptd@@U__crt_internal_free_policy@@@@QEAAPEAU__vcrt_ptd@@XZ 00000001800061d0 f i libvcruntimed:per_thread_data.obj
 0001:000051d0       ?detach@?$__crt_unique_heap_ptr@PEAU__crt_stdio_stream_data@@U__crt_internal_free_policy@@@@QEAAPEAPEAU__crt_stdio_stream_data@@XZ 00000001800061d0 f i libucrtd:_file.obj
 0001:000051d0       ?detach@?$__crt_unique_heap_ptr@DU__crt_public_free_policy@@@@QEAAPEADXZ 00000001800061d0 f i libvcruntimed:std_exception.obj
 0001:000051d0       ?detach@?$__crt_unique_heap_ptr@U__acrt_ptd@@U__crt_internal_free_policy@@@@QEAAPEAU__acrt_ptd@@XZ 00000001800061d0 f i libucrtd:per_thread_data.obj
 0001:000051d0       ?detach@?$__crt_unique_heap_ptr@U__crt_multibyte_data@@U__crt_internal_free_policy@@@@QEAAPEAU__crt_multibyte_data@@XZ 00000001800061d0 f i libucrtd:mbctype.obj
 0001:00005240       __vcrt_freefls             0000000180006240 f   libvcruntimed:per_thread_data.obj
 0001:00005280       __vcrt_freeptd             0000000180006280 f   libvcruntimed:per_thread_data.obj
 0001:000052e0       __vcrt_getptd              00000001800062e0 f   libvcruntimed:per_thread_data.obj
 0001:00005310       __vcrt_getptd_noexit       0000000180006310 f   libvcruntimed:per_thread_data.obj
 0001:000054b0       __vcrt_initialize_ptd      00000001800064b0 f   libvcruntimed:per_thread_data.obj
 0001:00005500       __vcrt_uninitialize_ptd    0000000180006500 f   libvcruntimed:per_thread_data.obj
 0001:00005530       __vcrt_initialize_locks    0000000180006530 f   libvcruntimed:locks.obj
 0001:000055a0       __vcrt_uninitialize_locks  00000001800065a0 f   libvcruntimed:locks.obj
 0001:00005610       memcpy_repmovs             0000000180006610 f   libvcruntimed:memcpy.obj
 0001:00005630       memmove                    0000000180006630 f   libvcruntimed:memcpy.obj
 0001:00005630       memcpy                     0000000180006630 f   libvcruntimed:memcpy.obj
 0001:00005a10       ??$?0AEAViterator@TryBlockMap@__FrameHandler3@@AEAV012@$0A@@?$pair@Viterator@TryBlockMap@__FrameHandler3@@V123@@std@@QEAA@AEAViterator@TryBlockMap@__FrameHandler3@@0@Z 0000000180006a10 f i libvcruntimed:risctrnsctrl.obj
 0001:00005b20       ??$_CallSETranslator@V__FrameHandler3@@@@YAHPEAUEHExceptionRecord@@PEA_KPEAU_CONTEXT@@PEAU_xDISPATCHER_CONTEXT@@PEBU_s_FuncInfo@@K1H@Z 0000000180006b20 f i libvcruntimed:risctrnsctrl.obj
 0001:00005bb0       ?debug_info@?$__crt_win32_buffer@_WU__crt_win32_buffer_internal_dynamic_resizing@@@@QEBAAEBV__crt_win32_buffer_empty_debug_info@@XZ 0000000180006bb0 f i libucrtd:argv_wildcards.obj
 0001:00005bb0       ?dangerous_get_state_array@?$dual_state_global@PEAU__crt_multibyte_data@@@__crt_state_management@@QEAAPEAPEAU__crt_multibyte_data@@XZ 0000000180006bb0 f i libucrtd:mbctype.obj
 0001:00005bb0       ?dangerous_get_state_array@?$dual_state_global@PEAU__crt_locale_data@@@__crt_state_management@@QEAAPEAPEAU__crt_locale_data@@XZ 0000000180006bb0 f i libucrtd:per_thread_data.obj
 0001:00005bb0       ?get_address_of@?$__crt_unique_heap_ptr@PEADU__crt_internal_free_policy@@@@QEAAPEAPEAPEADXZ 0000000180006bb0 f i libucrtd:argv_parsing.obj
 0001:00005bb0       ?get_address_of@?$__crt_unique_handle_t@U__crt_hmodule_traits@@@@QEAAPEAPEAUHINSTANCE__@@XZ 0000000180006bb0 f i libucrtd:exit.obj
 0001:00005bb0       ?dangerous_get_state_array@?$dual_state_global@PEAE@__crt_state_management@@QEAAPEAPEAEXZ 0000000180006bb0 f i libucrtd:mbctype.obj
 0001:00005bb0       ?debug_info@?$__crt_win32_buffer@DU__crt_win32_buffer_no_resizing@@@@QEBAAEBV__crt_win32_buffer_empty_debug_info@@XZ 0000000180006bb0 f i libucrtd:getmodulefilenamea.obj
 0001:00005bb0       ?dangerous_get_state_array@?$dual_state_global@P6AXPEB_W00I_K@Z@__crt_state_management@@QEAAPEAP6AXPEB_W00I_K@ZXZ 0000000180006bb0 f i libucrtd:invalid_parameter.obj
 0001:00005bb0       ??$forward@AEAViterator@TryBlockMap@__FrameHandler3@@@std@@YAAEAViterator@TryBlockMap@__FrameHandler3@@AEAV123@@Z 0000000180006bb0 f i libvcruntimed:risctrnsctrl.obj
 0001:00005bb0       ?debug_info@?$__crt_win32_buffer@DU__crt_win32_buffer_internal_dynamic_resizing@@@@QEBAAEBV__crt_win32_buffer_empty_debug_info@@XZ 0000000180006bb0 f i libucrtd:argv_wildcards.obj
 0001:00005bc0       ??0iterator@TryBlockMap@__FrameHandler3@@QEAA@AEAV12@I@Z 0000000180006bc0 f i libvcruntimed:risctrnsctrl.obj
 0001:00005bc0       ??0iterator@HandlerMap@__FrameHandler3@@QEAA@AEAV12@I@Z 0000000180006bc0 f i libvcruntimed:frame.obj
 0001:00005bf0       ?CatchTryBlock@__FrameHandler3@@SAPEBU_s_TryBlockMapEntry@@PEBU_s_FuncInfo@@H@Z 0000000180006bf0 f   libvcruntimed:risctrnsctrl.obj
 0001:00005c80       ?ExecutionInCatch@__FrameHandler3@@SA_NPEAU_xDISPATCHER_CONTEXT@@PEBU_s_FuncInfo@@@Z 0000000180006c80 f   libvcruntimed:risctrnsctrl.obj
 0001:00005cd0       ?FrameUnwindToEmptyState@__FrameHandler3@@SAXPEA_KPEAU_xDISPATCHER_CONTEXT@@PEBU_s_FuncInfo@@@Z 0000000180006cd0 f   libvcruntimed:risctrnsctrl.obj
 0001:00005d70       ?GetEstablisherFrame@__FrameHandler3@@SAPEA_KPEA_KPEAU_xDISPATCHER_CONTEXT@@PEBU_s_FuncInfo@@0@Z 0000000180006d70 f   libvcruntimed:risctrnsctrl.obj
 0001:00005ee0       ?GetRangeOfTrysToCheck@__FrameHandler3@@SA?AU?$pair@Viterator@TryBlockMap@__FrameHandler3@@V123@@std@@AEAVTryBlockMap@1@HPEAU_xDISPATCHER_CONTEXT@@PEBU_s_FuncInfo@@H@Z 0000000180006ee0 f   libvcruntimed:risctrnsctrl.obj
 0001:00006120       ?UnwindNestedFrames@__FrameHandler3@@SAXPEA_KPEAUEHExceptionRecord@@PEAU_CONTEXT@@0PEAXPEBU_s_FuncInfo@@HHPEBU_s_HandlerType@@PEAU_xDISPATCHER_CONTEXT@@E@Z 0000000180007120 f   libvcruntimed:risctrnsctrl.obj
 0001:00006290       _CreateFrameInfo           0000000180007290 f   libvcruntimed:risctrnsctrl.obj
 0001:00006300       _FindAndUnlinkFrame        0000000180007300 f   libvcruntimed:risctrnsctrl.obj
 0001:00006380       _GetImageBase              0000000180007380 f   libvcruntimed:risctrnsctrl.obj
 0001:000063a0       _GetThrowImageBase         00000001800073a0 f   libvcruntimed:risctrnsctrl.obj
 0001:000063c0       _SetImageBase              00000001800073c0 f   libvcruntimed:risctrnsctrl.obj
 0001:000063e0       _SetThrowImageBase         00000001800073e0 f   libvcruntimed:risctrnsctrl.obj
 0001:00006400       __CxxFrameHandler3         0000000180007400 f   libvcruntimed:risctrnsctrl.obj
 0001:000064e0       ??$__crt_interlocked_exchange_pointer@UHINSTANCE__@@PEAU1@@@YAPEAUHINSTANCE__@@PEDSEAU0@QEAU0@@Z 00000001800074e0 f i libvcruntimed:winapi_downlevel.obj
 0001:000064e0       ??$__crt_interlocked_exchange_pointer@UHINSTANCE__@@PEAX@@YAPEAUHINSTANCE__@@PEDSEAU0@QEAX@Z 00000001800074e0 f i libvcruntimed:winapi_downlevel.obj
 0001:000064e0       ??$__crt_interlocked_exchange_pointer@XPEAX@@YAPEAXPEDSEAXQEAX@Z 00000001800074e0 f i libvcruntimed:winapi_downlevel.obj
 0001:00006500       ?get_invalid_value@__crt_findfile_traits@@SAPEAXXZ 0000000180007500 f   libucrtd:argv_wildcards.obj
 0001:000069f0       __vcrt_FlsAlloc            00000001800079f0 f   libvcruntimed:winapi_downlevel.obj
 0001:00006a40       __vcrt_FlsFree             0000000180007a40 f   libvcruntimed:winapi_downlevel.obj
 0001:00006a90       __vcrt_FlsGetValue         0000000180007a90 f   libvcruntimed:winapi_downlevel.obj
 0001:00006ae0       __vcrt_FlsSetValue         0000000180007ae0 f   libvcruntimed:winapi_downlevel.obj
 0001:00006b40       __vcrt_InitializeCriticalSectionEx 0000000180007b40 f   libvcruntimed:winapi_downlevel.obj
 0001:00006bb0       ?GetCurrentState@__FrameHandler3@@SAHPEA_KPEAU_xDISPATCHER_CONTEXT@@PEBU_s_FuncInfo@@@Z 0000000180007bb0 f   libvcruntimed:ehstate.obj
 0001:00006c10       ?GetUnwindTryBlock@__FrameHandler3@@SAHPEA_KPEAU_xDISPATCHER_CONTEXT@@PEBU_s_FuncInfo@@@Z 0000000180007c10 f   libvcruntimed:ehstate.obj
 0001:00006c60       ?SetState@__FrameHandler3@@SAXPEA_KPEBU_s_FuncInfo@@H@Z 0000000180007c60 f   libvcruntimed:ehstate.obj
 0001:00006c90       ?SetUnwindTryBlock@__FrameHandler3@@SAXPEA_KPEAU_xDISPATCHER_CONTEXT@@PEBU_s_FuncInfo@@H@Z 0000000180007c90 f   libvcruntimed:ehstate.obj
 0001:00006d00       ?StateFromControlPc@__FrameHandler3@@SAHPEBU_s_FuncInfo@@PEAU_xDISPATCHER_CONTEXT@@@Z 0000000180007d00 f   libvcruntimed:ehstate.obj
 0001:00006d40       ?StateFromIp@__FrameHandler3@@SAHPEBU_s_FuncInfo@@PEAU_xDISPATCHER_CONTEXT@@_K@Z 0000000180007d40 f   libvcruntimed:ehstate.obj
 0001:00006e30       ?__RVAtoRealOffset@@YA_KPEAU_xDISPATCHER_CONTEXT@@H@Z 0000000180007e30 f i libvcruntimed:ehstate.obj
 0001:00008010       ??$TypeMatchHelper@V__FrameHandler3@@@@YAHPEBU_s_HandlerType@@PEBU_s_CatchableType@@PEBU_s_ThrowInfo@@@Z 0000000180009010 f i libvcruntimed:frame.obj
 0001:00008210       ??$__InternalCxxFrameHandler@V__FrameHandler3@@@@YA?AW4_EXCEPTION_DISPOSITION@@PEAUEHExceptionRecord@@PEA_KPEAU_CONTEXT@@PEAU_xDISPATCHER_CONTEXT@@PEBU_s_FuncInfo@@H1E@Z 0000000180009210 f i libvcruntimed:frame.obj
 0001:00008680       ??0HandlerMap@__FrameHandler3@@QEAA@PEBU_s_TryBlockMapEntry@@_KI@Z 0000000180009680 f i libvcruntimed:frame.obj
 0001:000086d0       ??0TryBlockMap@__FrameHandler3@@QEAA@PEBU_s_FuncInfo@@_K@Z 00000001800096d0 f i libvcruntimed:frame.obj
 0001:00008700       ??0bad_exception@std@@QEAA@AEBV01@@Z 0000000180009700 f i libvcruntimed:frame.obj
 0001:00008740       ??0bad_exception@std@@QEAA@XZ 0000000180009740 f i libvcruntimed:frame.obj
 0001:00008780       ??0exception@std@@QEAA@AEBV01@@Z 0000000180009780 f i libvcruntimed:frame.obj
 0001:000087e0       ??0exception@std@@QEAA@QEBDH@Z 00000001800097e0 f i libvcruntimed:frame.obj
 0001:00008830       ??1bad_exception@std@@UEAA@XZ 0000000180009830 f i libvcruntimed:frame.obj
 0001:00008850       ??1exception@std@@UEAA@XZ  0000000180009850 f i libvcruntimed:frame.obj
 0001:00008880       ??8iterator@HandlerMap@__FrameHandler3@@QEBA_NAEBV012@@Z 0000000180009880 f i libvcruntimed:frame.obj
 0001:000088c0       ??8type_info@@QEBA_NAEBV0@@Z 00000001800098c0 f i libvcruntimed:frame.obj
 0001:00008910       ??9iterator@HandlerMap@__FrameHandler3@@QEBA_NAEBV012@@Z 0000000180009910 f i libvcruntimed:frame.obj
 0001:00008950       ??Diterator@HandlerMap@__FrameHandler3@@QEAA?BU_s_HandlerType@@XZ 0000000180009950 f i libvcruntimed:frame.obj
 0001:00008990       ??Diterator@TryBlockMap@__FrameHandler3@@QEAA?BU_s_TryBlockMapEntry@@XZ 0000000180009990 f i libvcruntimed:frame.obj
 0001:000089e0       ??Eiterator@HandlerMap@__FrameHandler3@@QEAAAEAV012@XZ 00000001800099e0 f i libvcruntimed:frame.obj
 0001:000089e0       ??Eiterator@TryBlockMap@__FrameHandler3@@QEAAAEAV012@XZ 00000001800099e0 f i libvcruntimed:frame.obj
 0001:00008a00       ??Miterator@TryBlockMap@__FrameHandler3@@QEBA_NAEBV012@@Z 0000000180009a00 f i libvcruntimed:frame.obj
 0001:00008a40       ??_Gbad_exception@std@@UEAAPEAXI@Z 0000000180009a40 f i libvcruntimed:frame.obj
 0001:00008a40       ??_Ebad_exception@std@@UEAAPEAXI@Z 0000000180009a40 f i libvcruntimed:frame.obj
 0001:00008a80       ??_Eexception@std@@UEAAPEAXI@Z 0000000180009a80 f i libvcruntimed:frame.obj
 0001:00008a80       ??_Gexception@std@@UEAAPEAXI@Z 0000000180009a80 f i libvcruntimed:frame.obj
 0001:00008ac0       ?BuildCatchObject@__FrameHandler3@@SAXPEAUEHExceptionRecord@@PEAXPEBU_s_HandlerType@@PEBU_s_CatchableType@@@Z 0000000180009ac0 f   libvcruntimed:frame.obj
 0001:00008b00       ?CxxCallCatchBlock@__FrameHandler3@@SAPEAXPEAU_EXCEPTION_RECORD@@@Z 0000000180009b00 f   libvcruntimed:frame.obj
 0001:00008e60       ?FrameUnwindToState@__FrameHandler3@@SAXPEA_KPEAU_xDISPATCHER_CONTEXT@@PEBU_s_FuncInfo@@H@Z 0000000180009e60 f   libvcruntimed:frame.obj
 0001:000090b0       ?GetHandlerSearchState@__FrameHandler3@@SAHPEA_KPEAU_xDISPATCHER_CONTEXT@@PEBU_s_FuncInfo@@@Z 000000018000a0b0 f i libvcruntimed:frame.obj
 0001:00009160       ?GetMaxState@__FrameHandler3@@SAHPEAU_xDISPATCHER_CONTEXT@@PEBU_s_FuncInfo@@@Z 000000018000a160 f i libvcruntimed:frame.obj
 0001:00009360       __TypeMatch                000000018000a360 f   libvcruntimed:frame.obj
 0001:00009360       ?TypeMatch@__FrameHandler3@@SAHPEBU_s_HandlerType@@PEBU_s_CatchableType@@PEBU_s_ThrowInfo@@@Z 000000018000a360 f   libvcruntimed:frame.obj
 0001:00009390       ?_CallMemberFunction1@@YAXQEAX00@Z 000000018000a390 f i libvcruntimed:frame.obj
 0001:000093d0       ?_CallMemberFunction2@@YAXQEAX00H@Z 000000018000a3d0 f i libvcruntimed:frame.obj
 0001:00009460       ?begin@HandlerMap@__FrameHandler3@@QEAA?AViterator@12@XZ 000000018000a460 f i libvcruntimed:frame.obj
 0001:00009490       ?end@HandlerMap@__FrameHandler3@@QEAA?AViterator@12@XZ 000000018000a490 f i libvcruntimed:frame.obj
 0001:000094c0       ?getESTypes@__FrameHandler3@@SAPEBU_s_ESTypeList@@PEBU_s_FuncInfo@@@Z 000000018000a4c0 f i libvcruntimed:frame.obj
 0001:00009500       ?getLastEntry@HandlerMap@__FrameHandler3@@QEAAPEBU_s_HandlerType@@XZ 000000018000a500 f i libvcruntimed:frame.obj
 0001:00009520       ?getMagicNum@__FrameHandler3@@SAIPEBU_s_FuncInfo@@@Z 000000018000a520 f i libvcruntimed:frame.obj
 0001:00009540       ?getNumTryBlocks@TryBlockMap@__FrameHandler3@@QEAAIXZ 000000018000a540 f i libvcruntimed:frame.obj
 0001:00009560       ?isEHs@__FrameHandler3@@SA_NPEBU_s_FuncInfo@@@Z 000000018000a560 f i libvcruntimed:frame.obj
 0001:000095a0       ?isNoExcept@__FrameHandler3@@SA_NPEBU_s_FuncInfo@@@Z 000000018000a5a0 f i libvcruntimed:frame.obj
 0001:000095e0       ?what@exception@std@@UEBAPEBDXZ 000000018000a5e0 f i libvcruntimed:frame.obj
 0001:00009620       __vcrt_EncodePointer       000000018000a620 f i libvcruntimed:frame.obj
 0001:00009650       memset_repmovs             000000018000a650 f   libvcruntimed:memset.obj
 0001:00009670       memset                     000000018000a670 f   libvcruntimed:memset.obj
 0001:00009810       _CallSettingFrame          000000018000a810 f   libvcruntimed:handlers.obj
 0001:00009860       _CallSettingFrame_LookupContinuationIndex 000000018000a860 f   libvcruntimed:handlers.obj
 0001:00009890       _CallSettingFrame_NotifyContinuationAddr 000000018000a890 f   libvcruntimed:handlers.obj
 0001:000098c0       _CallSettingFrameEncoded   000000018000a8c0 f   libvcruntimed:handlers.obj
 0001:00009910       ??$?RD@__crt_public_free_policy@@QEBAXQEBD@Z 000000018000a910 f i libvcruntimed:std_exception.obj
 0001:00009930       ??1?$__crt_unique_heap_ptr@DU__crt_public_free_policy@@@@QEAA@XZ 000000018000a930 f i libvcruntimed:std_exception.obj
 0001:00009950       ?release@?$__crt_unique_heap_ptr@DU__crt_public_free_policy@@@@QEAAXXZ 000000018000a950 f i libvcruntimed:std_exception.obj
 0001:00009980       __std_exception_copy       000000018000a980 f   libvcruntimed:std_exception.obj
 0001:00009ac0       __std_exception_destroy    000000018000aac0 f   libvcruntimed:std_exception.obj
 0001:00009b00       _CxxThrowException         000000018000ab00 f   libvcruntimed:throw.obj
 0001:00009c30       cosf                       000000018000ac30 f   libucrtd:cosf.obj
 0001:0000a130       sinf                       000000018000b130 f   libucrtd:sinf.obj
 0001:0000a830       sqrtf                      000000018000b830 f   libucrtd:sqrtf.obj
 0001:0000a970       tanf                       000000018000b970 f   libucrtd:tanf.obj
 0001:0000aff0       _initterm                  000000018000bff0 f   libucrtd:initterm.obj
 0001:0000b050       _initterm_e                000000018000c050 f   libucrtd:initterm.obj
 0001:0000b140       _seh_filter_dll            000000018000c140 f   libucrtd:exception_filter.obj
 0001:0000b170       _seh_filter_exe            000000018000c170 f   libucrtd:exception_filter.obj
 0001:0000b410       ??$?B$$A6AXXZ@__crt_fast_encoded_nullptr_t@@QEBAP6AXXZXZ 000000018000c410 f i libucrtd:onexit.obj
 0001:0000b410       ??$?BX@__crt_fast_encoded_nullptr_t@@QEBAPEAXXZ 000000018000c410 f i libucrtd:initialization.obj
 0001:0000b410       ??$?B$$A6AXPEAXK0@Z@__crt_fast_encoded_nullptr_t@@QEBAP6AXPEAXK0@ZXZ 000000018000c410 f i libucrtd:exit.obj
 0001:0000b410       ??$?B$$A6AXH@Z@__crt_fast_encoded_nullptr_t@@QEBAP6AXH@ZXZ 000000018000c410 f i libucrtd:signal.obj
 0001:0000b410       ??$?BP6AXXZ@__crt_fast_encoded_nullptr_t@@QEBAPEAP6AXXZXZ 000000018000c410 f i libucrtd:onexit.obj
 0001:0000b4c0       ??$__crt_fast_decode_pointer@P6AXH@Z@@YAP6AXH@ZQ6AXH@Z@Z 000000018000c4c0 f i libucrtd:signal.obj
 0001:0000b4c0       ??$__crt_fast_decode_pointer@P6AH_K@Z@@YAP6AH_K@ZQ6AH0@Z@Z 000000018000c4c0 f i libucrtd:new_handler.obj
 0001:0000b4c0       ??$__crt_fast_decode_pointer@PEAP6AXXZ@@YAPEAP6AXXZQEAP6AXXZ@Z 000000018000c4c0 f i libucrtd:onexit.obj
 0001:0000b4c0       ??$__crt_fast_decode_pointer@P6AXPEB_W00I_K@Z@@YAP6AXPEB_W00I_K@ZQ6AX000I1@Z@Z 000000018000c4c0 f i libucrtd:invalid_parameter.obj
 0001:0000b4c0       ??$__crt_fast_decode_pointer@P6AHPEAU_exception@@@Z@@YAP6AHPEAU_exception@@@ZQ6AH0@Z@Z 000000018000c4c0 f i libucrtd:matherr.obj
 0001:0000b4c0       ??$__crt_fast_decode_pointer@P6AXXZ@@YAP6AXXZQ6AXXZ@Z 000000018000c4c0 f i libucrtd:onexit.obj
 0001:0000b4c0       ??$__crt_fast_decode_pointer@P6AXPEAXK0@Z@@YAP6AXPEAXK0@ZQ6AX0K0@Z@Z 000000018000c4c0 f i libucrtd:exit.obj
 0001:0000b4c0       ??$__crt_fast_decode_pointer@PEAX@@YAPEAXQEAX@Z 000000018000c4c0 f i libucrtd:winapi_thunks.obj
 0001:0000b500       ??$__crt_fast_encode_pointer@P6AXH@Z@@YAP6AXH@ZQ6AXH@Z@Z 000000018000c500 f i libucrtd:signal.obj
 0001:0000b500       ??$__crt_fast_encode_pointer@P6AXXZ@@YAP6AXXZQ6AXXZ@Z 000000018000c500 f i libucrtd:onexit.obj
 0001:0000b500       ??$__crt_fast_encode_pointer@PEAX@@YAPEAXQEAX@Z 000000018000c500 f i libucrtd:initialization.obj
 0001:0000b500       ??$__crt_fast_encode_pointer@PEAP6AXXZ@@YAPEAP6AXXZQEAP6AXXZ@Z 000000018000c500 f i libucrtd:onexit.obj
 0001:0000b500       ??$__crt_fast_encode_pointer@P6AXPEAXK0@Z@@YAP6AXPEAXK0@ZQ6AX0K0@Z@Z 000000018000c500 f i libucrtd:exit.obj
 0001:0000b540       ??$__crt_get_proc_address@P6AXI@Z@@YAP6AXI@ZQEAUHINSTANCE__@@QEBD@Z 000000018000c540 f i libucrtd:exit.obj
 0001:0000b570       ??$__crt_interlocked_read@J@@YAJPEDJ@Z 000000018000c570 f i libucrtd:exit.obj
 0001:0000b600       ??1?$__crt_unique_handle_t@U__crt_hmodule_traits@@@@QEAA@XZ 000000018000c600 f i libucrtd:exit.obj
 0001:0000b760       ?__acrt_select_exit_lock@@YA?AW4__acrt_lock_id@@XZ 000000018000c760 f i libucrtd:exit.obj
 0001:0000b770       ?__crt_fast_encode_pointer@@YA?AU__crt_fast_encoded_nullptr_t@@$$T@Z 000000018000c770 f i libucrtd:exit.obj
 0001:0000b790       ?__crt_interlocked_read_32@@YAHPEDH@Z 000000018000c790 f i libucrtd:exit.obj
 0001:0000b7b0       ?__crt_rotate_pointer_value@@YA_K_KH@Z 000000018000c7b0 f i libucrtd:exit.obj
 0001:0000b7f0       ?close@?$__crt_unique_handle_t@U__crt_hmodule_traits@@@@QEAAXXZ 000000018000c7f0 f i libucrtd:exit.obj
 0001:0000b830       ?close@__crt_hmodule_traits@@SA_NPEAUHINSTANCE__@@@Z 000000018000c830 f i libucrtd:exit.obj
 0001:0000b940       ?get_current_state_index@__crt_state_management@@YA_KXZ 000000018000c940 f i libucrtd:environment_initialization.obj
 0001:0000b940       ?get_invalid_value@__crt_hmodule_traits@@SAPEAUHINSTANCE__@@XZ 000000018000c940 f i libucrtd:exit.obj
 0001:0000bb00       __acrt_initialize_thread_local_exit_callback 000000018000cb00 f   libucrtd:exit.obj
 0001:0000bb20       _cexit                     000000018000cb20 f   libucrtd:exit.obj
 0001:0000bb40       _exit                      000000018000cb40 f   libucrtd:exit.obj
 0001:0000bb60       _is_c_termination_complete 000000018000cb60 f   libucrtd:exit.obj
 0001:0000bf10       ??$get_module_file_name@$$TAEAY0BAF@DH@?$__crt_char_traits@D@@SAK$$QEA$$TAEAY0BAF@D$$QEAH@Z 000000018000cf10 f i libucrtd:argv_parsing.obj
 0001:0000bf10       ??$get_module_file_name@AEAPEAUHINSTANCE__@@AEAY0BAF@DK@?$__crt_char_traits@D@@SAKAEAPEAUHINSTANCE__@@AEAY0BAF@D$$QEAK@Z 000000018000cf10 f i libucrtd:dbgrpt.obj
 0001:0000c3e0       ??$set_program_name@PEAD@?$__crt_char_traits@D@@SAX$$QEAPEAD@Z 000000018000d3e0 f i libucrtd:argv_parsing.obj
 0001:0000c510       __acrt_allocate_buffer_for_argv 000000018000d510 f   libucrtd:argv_parsing.obj
 0001:0000c630       _configure_narrow_argv     000000018000d630 f   libucrtd:argv_parsing.obj
 0001:0000c650       _set_pgmptr                000000018000d650 f i libucrtd:argv_parsing.obj
 0001:0000c880       ??$tcslen@AEAPEAD@?$__crt_char_traits@D@@SA_KAEAPEAD@Z 000000018000d880 f i libucrtd:environment_initialization.obj
 0001:0000c8cc       ??B?$__crt_unique_heap_ptr@PEADU__crt_internal_free_policy@@@@QEBA_NXZ 000000018000d8cc f i libucrtd:environment_initialization.obj
 0001:0000c8d4       ?detach@?$__crt_unique_heap_ptr@DU__crt_internal_free_policy@@@@QEAAPEADXZ 000000018000d8d4 f i libucrtd:environment_initialization.obj
 0001:0000c8dc       __dcrt_uninitialize_environments_nolock 000000018000d8dc f   libucrtd:environment_initialization.obj
 0001:0000c914       _initialize_narrow_environment 000000018000d914 f   libucrtd:environment_initialization.obj
 0001:0000c91c       _invoke_watson_if_error    000000018000d91c f i libucrtd:environment_initialization.obj
 0001:0000cc20       _execute_onexit_table      000000018000dc20 f   libucrtd:onexit.obj
 0001:0000cc60       _initialize_onexit_table   000000018000dc60 f   libucrtd:onexit.obj
 0001:0000cd30       __acrt_uninitialize_command_line 000000018000dd30 f   libucrtd:argv_data.obj
 0001:0000cfa0       ?initialize@?$dual_state_global@P6AHPEAU_exception@@@Z@__crt_state_management@@QEAAXQ6AHPEAU_exception@@@Z@Z 000000018000dfa0 f i libucrtd:matherr.obj
 0001:0000cfa0       ?initialize@?$dual_state_global@P6AXH@Z@__crt_state_management@@QEAAXQ6AXH@Z@Z 000000018000dfa0 f i libucrtd:signal.obj
 0001:0000cfa0       ?initialize@?$dual_state_global@PEAU__crt_multibyte_data@@@__crt_state_management@@QEAAXQEAU__crt_multibyte_data@@@Z 000000018000dfa0 f i libucrtd:mbctype.obj
 0001:0000cfa0       ?initialize@?$dual_state_global@P6AH_K@Z@__crt_state_management@@QEAAXQ6AH_K@Z@Z 000000018000dfa0 f i libucrtd:new_handler.obj
 0001:0000cfa0       ?initialize@?$dual_state_global@PEAU__crt_locale_data@@@__crt_state_management@@QEAAXQEAU__crt_locale_data@@@Z 000000018000dfa0 f i libucrtd:initialization.obj
 0001:0000cff0       __acrt_initialize          000000018000dff0 f   libucrtd:initialization.obj
 0001:0000d020       __acrt_thread_attach       000000018000e020 f   libucrtd:initialization.obj
 0001:0000d040       __acrt_thread_detach       000000018000e040 f   libucrtd:initialization.obj
 0001:0000d050       __acrt_uninitialize        000000018000e050 f   libucrtd:initialization.obj
 0001:0000d080       __acrt_uninitialize_critical 000000018000e080 f   libucrtd:initialization.obj
 0001:0000d0a0       terminate                  000000018000e0a0 f   libucrtd:terminate.obj
 0001:0000d0e0       ??0_LocaleUpdate@@QEAA@QEAU__crt_locale_pointers@@@Z 000000018000e0e0 f i libucrtd:debug_heap.obj
 0001:0000d200       ??1_LocaleUpdate@@QEAA@XZ  000000018000e200 f i libucrtd:debug_heap.obj
 0001:0000d240       ?GetLocaleT@_LocaleUpdate@@QEAAPEAU__crt_locale_pointers@@XZ 000000018000e240 f i libucrtd:debug_heap.obj
 0001:0000f220       _CrtCheckMemory            0000000180010220 f   libucrtd:debug_heap.obj
 0001:0000f3b0       _CrtDumpMemoryLeaks        00000001800103b0 f   libucrtd:debug_heap.obj
 0001:0000f470       _CrtIsValidHeapPointer     0000000180010470 f   libucrtd:debug_heap.obj
 0001:0000f4b0       _CrtIsValidPointer         00000001800104b0 f   libucrtd:debug_heap.obj
 0001:0000f4f0       _CrtMemCheckpoint          00000001800104f0 f   libucrtd:debug_heap.obj
 0001:0000f770       _CrtMemDumpAllObjectsSince 0000000180010770 f   libucrtd:debug_heap.obj
 0001:0000f7d0       _CrtSetDbgFlag             00000001800107d0 f   libucrtd:debug_heap.obj
 0001:0000f930       _CrtSetDumpClient          0000000180010930 f   libucrtd:debug_heap.obj
 0001:0000f960       __acrt_get_locale_data_prefix 0000000180010960 f i libucrtd:debug_heap.obj
 0001:0000f980       __acrt_locale_changed      0000000180010980 f i libucrtd:debug_heap.obj
 0001:0000f9b0       _calloc_dbg                00000001800109b0 f   libucrtd:debug_heap.obj
 0001:0000fa50       _chvalidchk_l              0000000180010a50 f i libucrtd:debug_heap.obj
 0001:0000fa80       _free_dbg                  0000000180010a80 f   libucrtd:debug_heap.obj
 0001:0000faf0       _invoke_watson_if_oneof    0000000180010af0 f i libucrtd:debug_heap.obj
 0001:0000fb50       _ischartype_l              0000000180010b50 f i libucrtd:debug_heap.obj
 0001:0000fbe0       _malloc_dbg                0000000180010be0 f   libucrtd:debug_heap.obj
 0001:0000fc20       _msize_dbg                 0000000180010c20 f   libucrtd:debug_heap.obj
 0001:0000fdc0       _realloc_dbg               0000000180010dc0 f   libucrtd:debug_heap.obj
 0001:0000fe30       _recalloc_dbg              0000000180010e30 f   libucrtd:debug_heap.obj
 0001:00010400       strcpy_s                   0000000180011400 f   libucrtd:strcpy_s.obj
 0001:00010440       strcmp                     0000000180011440 f   libucrtd:strcmp.obj
 0001:000104c0       strlen                     00000001800114c0 f   libucrtd:strlen.obj
 0001:00010570       abort                      0000000180011570 f   libucrtd:abort.obj
 0001:000105f0       ??$?0AEBV?$string_output_adapter@D@__crt_stdio_output@@AEB_KAEBQEBDAEBQEAU__crt_locale_pointers@@AEBQEAD@?$format_validation_base@DV?$string_output_adapter@D@__crt_stdio_output@@@__crt_stdio_output@@IEAA@AEBV?$string_output_adapter@D@1@AEB_KAEBQEBDAEBQEAU__crt_locale_pointers@@AEBQEAD@Z 00000001800115f0 f i libucrtd:output.obj
 0001:00010640       ??$?0AEBV?$string_output_adapter@D@__crt_stdio_output@@AEB_KAEBQEBDAEBQEAU__crt_locale_pointers@@AEBQEAD@?$standard_base@DV?$string_output_adapter@D@__crt_stdio_output@@@__crt_stdio_output@@IEAA@AEBV?$string_output_adapter@D@1@AEB_KAEBQEBDAEBQEAU__crt_locale_pointers@@AEBQEAD@Z 0000000180011640 f i libucrtd:output.obj
 0001:000106b0       ??$?0AEBV?$string_output_adapter@_W@__crt_stdio_output@@AEB_KAEBQEB_WAEBQEAU__crt_locale_pointers@@AEBQEAD@?$format_validation_base@_WV?$string_output_adapter@_W@__crt_stdio_output@@@__crt_stdio_output@@IEAA@AEBV?$string_output_adapter@_W@1@AEB_KAEBQEB_WAEBQEAU__crt_locale_pointers@@AEBQEAD@Z 00000001800116b0 f i libucrtd:output.obj
 0001:00010700       ??$?0AEBV?$string_output_adapter@_W@__crt_stdio_output@@AEB_KAEBQEB_WAEBQEAU__crt_locale_pointers@@AEBQEAD@?$standard_base@_WV?$string_output_adapter@_W@__crt_stdio_output@@@__crt_stdio_output@@IEAA@AEBV?$string_output_adapter@_W@1@AEB_KAEBQEB_WAEBQEAU__crt_locale_pointers@@AEBQEAD@Z 0000000180011700 f i libucrtd:output.obj
 0001:00012080       ??$count@D@formatting_buffer@__crt_stdio_output@@QEBA_KXZ 0000000180013080 f i libucrtd:output.obj
 0001:000120d0       ??$count@_W@formatting_buffer@__crt_stdio_output@@QEBA_KXZ 00000001800130d0 f i libucrtd:output.obj
 0001:00012120       ??$data@_W@formatting_buffer@__crt_stdio_output@@QEAAPEA_WXZ 0000000180013120 f i libucrtd:output.obj
 0001:00012120       ??$data@D@formatting_buffer@__crt_stdio_output@@QEAAPEADXZ 0000000180013120 f i libucrtd:output.obj
 0001:00012170       ??$ensure_buffer_is_big_enough@D@formatting_buffer@__crt_stdio_output@@QEAA_N_K@Z 0000000180013170 f i libucrtd:output.obj
 0001:000122a0       ??$ensure_buffer_is_big_enough@_W@formatting_buffer@__crt_stdio_output@@QEAA_N_K@Z 00000001800132a0 f i libucrtd:output.obj
 0001:000123d0       ??$extract_argument_from_va_list@C_J@?$standard_base@_WV?$string_output_adapter@_W@__crt_stdio_output@@@__crt_stdio_output@@IEAA_NAEA_J@Z 00000001800133d0 f i libucrtd:output.obj
 0001:000123d0       ??$extract_argument_from_va_list@C_J@?$standard_base@DV?$string_output_adapter@D@__crt_stdio_output@@@__crt_stdio_output@@IEAA_NAEA_J@Z 00000001800133d0 f i libucrtd:output.obj
 0001:00012410       ??$extract_argument_from_va_list@E_J@?$standard_base@_WV?$string_output_adapter@_W@__crt_stdio_output@@@__crt_stdio_output@@IEAA_NAEA_J@Z 0000000180013410 f i libucrtd:output.obj
 0001:00012410       ??$extract_argument_from_va_list@E_J@?$standard_base@DV?$string_output_adapter@D@__crt_stdio_output@@@__crt_stdio_output@@IEAA_NAEA_J@Z 0000000180013410 f i libucrtd:output.obj
 0001:00012450       ??$extract_argument_from_va_list@F_J@?$standard_base@_WV?$string_output_adapter@_W@__crt_stdio_output@@@__crt_stdio_output@@IEAA_NAEA_J@Z 0000000180013450 f i libucrtd:output.obj
 0001:00012450       ??$extract_argument_from_va_list@F_J@?$standard_base@DV?$string_output_adapter@D@__crt_stdio_output@@@__crt_stdio_output@@IEAA_NAEA_J@Z 0000000180013450 f i libucrtd:output.obj
 0001:00012490       ??$extract_argument_from_va_list@GD@?$standard_base@DV?$string_output_adapter@D@__crt_stdio_output@@@__crt_stdio_output@@IEAA_NAEAD@Z 0000000180013490 f i libucrtd:output.obj
 0001:000124c0       ??$extract_argument_from_va_list@G_J@?$standard_base@_WV?$string_output_adapter@_W@__crt_stdio_output@@@__crt_stdio_output@@IEAA_NAEA_J@Z 00000001800134c0 f i libucrtd:output.obj
 0001:000124c0       ??$extract_argument_from_va_list@G_J@?$standard_base@DV?$string_output_adapter@D@__crt_stdio_output@@@__crt_stdio_output@@IEAA_NAEA_J@Z 00000001800134c0 f i libucrtd:output.obj
 0001:00012500       ??$extract_argument_from_va_list@H_J@?$standard_base@DV?$string_output_adapter@D@__crt_stdio_output@@@__crt_stdio_output@@IEAA_NAEA_J@Z 0000000180013500 f i libucrtd:output.obj
 0001:00012500       ??$extract_argument_from_va_list@H_J@?$standard_base@_WV?$string_output_adapter@_W@__crt_stdio_output@@@__crt_stdio_output@@IEAA_NAEA_J@Z 0000000180013500 f i libucrtd:output.obj
 0001:00012530       ??$extract_argument_from_va_list@I_J@?$standard_base@DV?$string_output_adapter@D@__crt_stdio_output@@@__crt_stdio_output@@IEAA_NAEA_J@Z 0000000180013530 f i libucrtd:output.obj
 0001:00012530       ??$extract_argument_from_va_list@I_J@?$standard_base@_WV?$string_output_adapter@_W@__crt_stdio_output@@@__crt_stdio_output@@IEAA_NAEA_J@Z 0000000180013530 f i libucrtd:output.obj
 0001:00012560       ??$extract_argument_from_va_list@PEAXPEAX@?$standard_base@DV?$string_output_adapter@D@__crt_stdio_output@@@__crt_stdio_output@@IEAA_NAEAPEAX@Z 0000000180013560 f i libucrtd:output.obj
 0001:00012560       ??$extract_argument_from_va_list@PEADPEAD@?$standard_base@_WV?$string_output_adapter@_W@__crt_stdio_output@@@__crt_stdio_output@@IEAA_NAEAPEAD@Z 0000000180013560 f i libucrtd:output.obj
 0001:00012560       ??$extract_argument_from_va_list@_J_J@?$standard_base@_WV?$string_output_adapter@_W@__crt_stdio_output@@@__crt_stdio_output@@IEAA_NAEA_J@Z 0000000180013560 f i libucrtd:output.obj
 0001:00012560       ??$extract_argument_from_va_list@_K_J@?$standard_base@DV?$string_output_adapter@D@__crt_stdio_output@@@__crt_stdio_output@@IEAA_NAEA_J@Z 0000000180013560 f i libucrtd:output.obj
 0001:00012560       ??$extract_argument_from_va_list@_K_J@?$standard_base@_WV?$string_output_adapter@_W@__crt_stdio_output@@@__crt_stdio_output@@IEAA_NAEA_J@Z 0000000180013560 f i libucrtd:output.obj
 0001:00012560       ??$extract_argument_from_va_list@_J_J@?$standard_base@DV?$string_output_adapter@D@__crt_stdio_output@@@__crt_stdio_output@@IEAA_NAEA_J@Z 0000000180013560 f i libucrtd:output.obj
 0001:00012560       ??$extract_argument_from_va_list@PEAXPEAX@?$standard_base@_WV?$string_output_adapter@_W@__crt_stdio_output@@@__crt_stdio_output@@IEAA_NAEAPEAX@Z 0000000180013560 f i libucrtd:output.obj
 0001:00012560       ??$extract_argument_from_va_list@PEADPEAD@?$standard_base@DV?$string_output_adapter@D@__crt_stdio_output@@@__crt_stdio_output@@IEAA_NAEAPEAD@Z 0000000180013560 f i libucrtd:output.obj
 0001:000125c0       ??$extract_argument_from_va_list@U_CRT_DOUBLE@@U1@@?$standard_base@DV?$string_output_adapter@D@__crt_stdio_output@@@__crt_stdio_output@@IEAA_NAEAU_CRT_DOUBLE@@@Z 00000001800135c0 f i libucrtd:output.obj
 0001:000125c0       ??$extract_argument_from_va_list@U_CRT_DOUBLE@@U1@@?$standard_base@_WV?$string_output_adapter@_W@__crt_stdio_output@@@__crt_stdio_output@@IEAA_NAEAU_CRT_DOUBLE@@@Z 00000001800135c0 f i libucrtd:output.obj
 0001:00012610       ??$extract_argument_from_va_list@_W_W@?$standard_base@DV?$string_output_adapter@D@__crt_stdio_output@@@__crt_stdio_output@@IEAA_NAEA_W@Z 0000000180013610 f i libucrtd:output.obj
 0001:00012610       ??$extract_argument_from_va_list@_W_W@?$standard_base@_WV?$string_output_adapter@_W@__crt_stdio_output@@@__crt_stdio_output@@IEAA_NAEA_W@Z 0000000180013610 f i libucrtd:output.obj
 0001:00012640       ??$is_wide_character_specifier@D@__crt_stdio_output@@YA_N_KDW4length_modifier@0@@Z 0000000180013640 f i libucrtd:output.obj
 0001:000126e0       ??$is_wide_character_specifier@_W@__crt_stdio_output@@YA_N_K_WW4length_modifier@0@@Z 00000001800136e0 f i libucrtd:output.obj
 0001:000127b0       ??$read_va_arg@E@__crt_stdio_output@@YAEAEAPEAD@Z 00000001800137b0 f i libucrtd:output.obj
 0001:000127b0       ??$read_va_arg@C@__crt_stdio_output@@YACAEAPEAD@Z 00000001800137b0 f i libucrtd:output.obj
 0001:00012820       ??$read_va_arg@F@__crt_stdio_output@@YAFAEAPEAD@Z 0000000180013820 f i libucrtd:output.obj
 0001:00012820       ??$read_va_arg@_W@__crt_stdio_output@@YA_WAEAPEAD@Z 0000000180013820 f i libucrtd:output.obj
 0001:00012820       ??$read_va_arg@G@__crt_stdio_output@@YAGAEAPEAD@Z 0000000180013820 f i libucrtd:output.obj
 0001:00012890       ??$read_va_arg@H@__crt_stdio_output@@YAHAEAPEAD@Z 0000000180013890 f i libucrtd:output.obj
 0001:00012890       ??$read_va_arg@I@__crt_stdio_output@@YAIAEAPEAD@Z 0000000180013890 f i libucrtd:output.obj
 0001:000128f0       ??$read_va_arg@_J@__crt_stdio_output@@YA_JAEAPEAD@Z 00000001800138f0 f i libucrtd:output.obj
 0001:000128f0       ??$read_va_arg@PEAX@__crt_stdio_output@@YAPEAXAEAPEAD@Z 00000001800138f0 f i libucrtd:output.obj
 0001:000128f0       ??$read_va_arg@_K@__crt_stdio_output@@YA_KAEAPEAD@Z 00000001800138f0 f i libucrtd:output.obj
 0001:000128f0       ??$read_va_arg@U_CRT_DOUBLE@@@__crt_stdio_output@@YA?AU_CRT_DOUBLE@@AEAPEAD@Z 00000001800138f0 f i libucrtd:output.obj
 0001:000128f0       ??$read_va_arg@PEAD@__crt_stdio_output@@YAPEADAEAPEAD@Z 00000001800138f0 f i libucrtd:output.obj
 0001:000129d0       ??$scratch_count@D@formatting_buffer@__crt_stdio_output@@QEBA_KXZ 00000001800139d0 f i libucrtd:output.obj
 0001:000129f0       ??$scratch_data@D@formatting_buffer@__crt_stdio_output@@QEAAPEADXZ 00000001800139f0 f i libucrtd:output.obj
 0001:00012a60       ??$tcstol@PEBDPEAPEADH@?$__crt_char_traits@D@@SAJ$$QEAPEBD$$QEAPEAPEAD$$QEAH@Z 0000000180013a60 f i libucrtd:output.obj
 0001:00012aa0       ??$tcstol@PEB_WPEAPEA_WH@?$__crt_char_traits@_W@@SAJ$$QEAPEB_W$$QEAPEAPEA_W$$QEAH@Z 0000000180013aa0 f i libucrtd:output.obj
 0001:00012ae0       ??$type_case_integer_parse_into_buffer@I@?$output_processor@DV?$string_output_adapter@D@__crt_stdio_output@@V?$format_validation_base@DV?$string_output_adapter@D@__crt_stdio_output@@@2@@__crt_stdio_output@@AEAAXII_N@Z 0000000180013ae0 f i libucrtd:output.obj
 0001:00012c10       ??$type_case_integer_parse_into_buffer@I@?$output_processor@_WV?$string_output_adapter@_W@__crt_stdio_output@@V?$format_validation_base@_WV?$string_output_adapter@_W@__crt_stdio_output@@@2@@__crt_stdio_output@@AEAAXII_N@Z 0000000180013c10 f i libucrtd:output.obj
 0001:00012d50       ??$type_case_integer_parse_into_buffer@_K@?$output_processor@DV?$string_output_adapter@D@__crt_stdio_output@@V?$format_validation_base@DV?$string_output_adapter@D@__crt_stdio_output@@@2@@__crt_stdio_output@@AEAAX_KI_N@Z 0000000180013d50 f i libucrtd:output.obj
 0001:00012ea0       ??$type_case_integer_parse_into_buffer@_K@?$output_processor@_WV?$string_output_adapter@_W@__crt_stdio_output@@V?$format_validation_base@_WV?$string_output_adapter@_W@__crt_stdio_output@@@2@@__crt_stdio_output@@AEAAX_KI_N@Z 0000000180013ea0 f i libucrtd:output.obj
 0001:00013000       ??$write_multiple_characters@V?$string_output_adapter@D@__crt_stdio_output@@D@__crt_stdio_output@@YAXAEBV?$string_output_adapter@D@0@DHQEAH@Z 0000000180014000 f i libucrtd:output.obj
 0001:00013060       ??$write_multiple_characters@V?$string_output_adapter@_W@__crt_stdio_output@@D@__crt_stdio_output@@YAXAEBV?$string_output_adapter@_W@0@DHQEAH@Z 0000000180014060 f i libucrtd:output.obj
 0001:000130c0       ??0?$common_data@D@__crt_stdio_output@@IEAA@XZ 00000001800140c0 f i libucrtd:output.obj
 0001:00013190       ??0?$common_data@_W@__crt_stdio_output@@IEAA@XZ 0000000180014190 f i libucrtd:output.obj
 0001:00013260       ??0?$output_adapter_data@DV?$string_output_adapter@D@__crt_stdio_output@@@__crt_stdio_output@@IEAA@AEBV?$string_output_adapter@D@1@_KQEBDQEAU__crt_locale_pointers@@QEAD@Z 0000000180014260 f i libucrtd:output.obj
 0001:000132e0       ??0?$output_adapter_data@_WV?$string_output_adapter@_W@__crt_stdio_output@@@__crt_stdio_output@@IEAA@AEBV?$string_output_adapter@_W@1@_KQEB_WQEAU__crt_locale_pointers@@QEAD@Z 00000001800142e0 f i libucrtd:output.obj
 0001:00013360       ??0?$output_processor@DV?$string_output_adapter@D@__crt_stdio_output@@V?$format_validation_base@DV?$string_output_adapter@D@__crt_stdio_output@@@2@@__crt_stdio_output@@QEAA@AEBV?$string_output_adapter@D@1@_KQEBDQEAU__crt_locale_pointers@@QEAD@Z 0000000180014360 f i libucrtd:output.obj
 0001:000133b0       ??0?$output_processor@_WV?$string_output_adapter@_W@__crt_stdio_output@@V?$format_validation_base@_WV?$string_output_adapter@_W@__crt_stdio_output@@@2@@__crt_stdio_output@@QEAA@AEBV?$string_output_adapter@_W@1@_KQEB_WQEAU__crt_locale_pointers@@QEAD@Z 00000001800143b0 f i libucrtd:output.obj
 0001:00013400       ??0__crt_deferred_errno_cache@@QEAA@XZ 0000000180014400 f i libucrtd:output.obj
 0001:00013420       ??0__crt_errno_guard@@QEAA@QEAH@Z 0000000180014420 f i libucrtd:output.obj
 0001:00013460       ??0formatting_buffer@__crt_stdio_output@@QEAA@XZ 0000000180014460 f i libucrtd:output.obj
 0001:000134a0       ??1?$common_data@_W@__crt_stdio_output@@QEAA@XZ 00000001800144a0 f i libucrtd:output.obj
 0001:000134a0       ??1?$common_data@D@__crt_stdio_output@@QEAA@XZ 00000001800144a0 f i libucrtd:output.obj
 0001:000134c0       ??1?$format_validation_base@_WV?$string_output_adapter@_W@__crt_stdio_output@@@__crt_stdio_output@@QEAA@XZ 00000001800144c0 f i libucrtd:output.obj
 0001:000134c0       ??1?$format_validation_base@DV?$string_output_adapter@D@__crt_stdio_output@@@__crt_stdio_output@@QEAA@XZ 00000001800144c0 f i libucrtd:output.obj
 0001:000134e0       ??1?$output_adapter_data@_WV?$string_output_adapter@_W@__crt_stdio_output@@@__crt_stdio_output@@QEAA@XZ 00000001800144e0 f i libucrtd:output.obj
 0001:000134e0       ??1?$output_adapter_data@DV?$string_output_adapter@D@__crt_stdio_output@@@__crt_stdio_output@@QEAA@XZ 00000001800144e0 f i libucrtd:output.obj
 0001:00013500       ??1?$output_processor@DV?$string_output_adapter@D@__crt_stdio_output@@V?$format_validation_base@DV?$string_output_adapter@D@__crt_stdio_output@@@2@@__crt_stdio_output@@QEAA@XZ 0000000180014500 f i libucrtd:output.obj
 0001:00013500       ??1?$output_processor@_WV?$string_output_adapter@_W@__crt_stdio_output@@V?$format_validation_base@_WV?$string_output_adapter@_W@__crt_stdio_output@@@2@@__crt_stdio_output@@QEAA@XZ 0000000180014500 f i libucrtd:output.obj
 0001:00013520       ??1?$standard_base@DV?$string_output_adapter@D@__crt_stdio_output@@@__crt_stdio_output@@QEAA@XZ 0000000180014520 f i libucrtd:output.obj
 0001:00013520       ??1?$standard_base@_WV?$string_output_adapter@_W@__crt_stdio_output@@@__crt_stdio_output@@QEAA@XZ 0000000180014520 f i libucrtd:output.obj
 0001:00013540       ??1__crt_errno_guard@@QEAA@XZ 0000000180014540 f i libucrtd:output.obj
 0001:00013570       ??1formatting_buffer@__crt_stdio_output@@QEAA@XZ 0000000180014570 f i libucrtd:output.obj
 0001:000135a0       ??4?$__crt_unique_heap_ptr@DU__crt_internal_free_policy@@@@QEAAAEAV0@$$QEAV0@@Z 00000001800145a0 f i libucrtd:output.obj
 0001:000135e0       ?adjust_hexit@?$output_processor@_WV?$string_output_adapter@_W@__crt_stdio_output@@V?$format_validation_base@_WV?$string_output_adapter@_W@__crt_stdio_output@@@2@@__crt_stdio_output@@CADH_N@Z 00000001800145e0 f i libucrtd:output.obj
 0001:000135e0       ?adjust_hexit@?$output_processor@DV?$string_output_adapter@D@__crt_stdio_output@@V?$format_validation_base@DV?$string_output_adapter@D@__crt_stdio_output@@@2@@__crt_stdio_output@@CADH_N@Z 00000001800145e0 f i libucrtd:output.obj
 0001:00013630       ?advance_to_next_pass@?$standard_base@_WV?$string_output_adapter@_W@__crt_stdio_output@@@__crt_stdio_output@@IEAA_NXZ 0000000180014630 f i libucrtd:output.obj
 0001:00013630       ?advance_to_next_pass@?$standard_base@DV?$string_output_adapter@D@__crt_stdio_output@@@__crt_stdio_output@@IEAA_NXZ 0000000180014630 f i libucrtd:output.obj
 0001:00013680       ?crop_zeroes@__crt_stdio_output@@YAXPEADQEAU__crt_locale_pointers@@@Z 0000000180014680 f i libucrtd:output.obj
 0001:000137c0       ?find_next_state@?$output_processor@DV?$string_output_adapter@D@__crt_stdio_output@@V?$format_validation_base@DV?$string_output_adapter@D@__crt_stdio_output@@@2@@__crt_stdio_output@@AEBA?AW4state@2@DW432@@Z 00000001800147c0 f i libucrtd:output.obj
 0001:00013860       ?find_next_state@?$output_processor@_WV?$string_output_adapter@_W@__crt_stdio_output@@V?$format_validation_base@_WV?$string_output_adapter@_W@__crt_stdio_output@@@2@@__crt_stdio_output@@AEBA?AW4state@2@_WW432@@Z 0000000180014860 f i libucrtd:output.obj
 0001:00013900       ?force_decimal_point@__crt_stdio_output@@YAXPEADQEAU__crt_locale_pointers@@@Z 0000000180014900 f i libucrtd:output.obj
 0001:00013a00       ?get@__crt_deferred_errno_cache@@QEAAAEAHXZ 0000000180014a00 f i libucrtd:output.obj
 0001:00013a30       ?get_flags@__crt_stdio_stream@@QEBAJXZ 0000000180014a30 f i libucrtd:output.obj
 0001:00013a60       ?has_flag@?$output_processor@DV?$string_output_adapter@D@__crt_stdio_output@@V?$format_validation_base@DV?$string_output_adapter@D@__crt_stdio_output@@@2@@__crt_stdio_output@@AEBA_NI@Z 0000000180014a60 f i libucrtd:output.obj
 0001:00013a60       ?has_flag@?$output_processor@_WV?$string_output_adapter@_W@__crt_stdio_output@@V?$format_validation_base@_WV?$string_output_adapter@_W@__crt_stdio_output@@@2@@__crt_stdio_output@@AEBA_NI@Z 0000000180014a60 f i libucrtd:output.obj
 0001:00013aa0       ?is_string_backed@__crt_stdio_stream@@QEBA_NXZ 0000000180014aa0 f i libucrtd:output.obj
 0001:00013ae0       ?narrow_null_string@?$output_processor@_WV?$string_output_adapter@_W@__crt_stdio_output@@V?$format_validation_base@_WV?$string_output_adapter@_W@__crt_stdio_output@@@2@@__crt_stdio_output@@CAPEADXZ 0000000180014ae0 f i libucrtd:output.obj
 0001:00013ae0       ?narrow_null_string@?$output_processor@DV?$string_output_adapter@D@__crt_stdio_output@@V?$format_validation_base@DV?$string_output_adapter@D@__crt_stdio_output@@@2@@__crt_stdio_output@@CAPEADXZ 0000000180014ae0 f i libucrtd:output.obj
 0001:00013af0       ?parse_int_from_format_string@?$output_processor@DV?$string_output_adapter@D@__crt_stdio_output@@V?$format_validation_base@DV?$string_output_adapter@D@__crt_stdio_output@@@2@@__crt_stdio_output@@AEAA_NQEAH@Z 0000000180014af0 f i libucrtd:output.obj
 0001:00013be0       ?parse_int_from_format_string@?$output_processor@_WV?$string_output_adapter@_W@__crt_stdio_output@@V?$format_validation_base@_WV?$string_output_adapter@_W@__crt_stdio_output@@@2@@__crt_stdio_output@@AEAA_NQEAH@Z 0000000180014be0 f i libucrtd:output.obj
 0001:00013cd0       ?process@?$output_processor@DV?$string_output_adapter@D@__crt_stdio_output@@V?$format_validation_base@DV?$string_output_adapter@D@__crt_stdio_output@@@2@@__crt_stdio_output@@QEAAHXZ 0000000180014cd0 f i libucrtd:output.obj
 0001:00014030       ?process@?$output_processor@_WV?$string_output_adapter@_W@__crt_stdio_output@@V?$format_validation_base@_WV?$string_output_adapter@_W@__crt_stdio_output@@@2@@__crt_stdio_output@@QEAAHXZ 0000000180015030 f i libucrtd:output.obj
 0001:00014390       ?set_flag@?$output_processor@DV?$string_output_adapter@D@__crt_stdio_output@@V?$format_validation_base@DV?$string_output_adapter@D@__crt_stdio_output@@@2@@__crt_stdio_output@@AEAAXI@Z 0000000180015390 f i libucrtd:output.obj
 0001:00014390       ?set_flag@?$output_processor@_WV?$string_output_adapter@_W@__crt_stdio_output@@V?$format_validation_base@_WV?$string_output_adapter@_W@__crt_stdio_output@@@2@@__crt_stdio_output@@AEAAXI@Z 0000000180015390 f i libucrtd:output.obj
 0001:000143b0       ?validate_state_for_type_case_a@?$standard_base@_WV?$string_output_adapter@_W@__crt_stdio_output@@@__crt_stdio_output@@IEBA_NXZ 00000001800153b0 f i libucrtd:output.obj
 0001:000143b0       ?should_format@?$standard_base@DV?$string_output_adapter@D@__crt_stdio_output@@@__crt_stdio_output@@IEAA_NXZ 00000001800153b0 f i libucrtd:output.obj
 0001:000143b0       ?validate_state_for_type_case_a@?$standard_base@DV?$string_output_adapter@D@__crt_stdio_output@@@__crt_stdio_output@@IEBA_NXZ 00000001800153b0 f i libucrtd:output.obj
 0001:000143b0       ?validate_and_update_state_at_beginning_of_format_character@?$standard_base@_WV?$string_output_adapter@_W@__crt_stdio_output@@@__crt_stdio_output@@IEAA_NXZ 00000001800153b0 f i libucrtd:output.obj
 0001:000143b0       ?validate_and_update_state_at_beginning_of_format_character@?$standard_base@DV?$string_output_adapter@D@__crt_stdio_output@@@__crt_stdio_output@@IEAA_NXZ 00000001800153b0 f i libucrtd:output.obj
 0001:000143b0       ?should_format@?$standard_base@_WV?$string_output_adapter@_W@__crt_stdio_output@@@__crt_stdio_output@@IEAA_NXZ 00000001800153b0 f i libucrtd:output.obj
 0001:000143c0       ?should_skip_type_state_output@?$standard_base@_WV?$string_output_adapter@_W@__crt_stdio_output@@@__crt_stdio_output@@IEBA_NXZ 00000001800153c0 f i libucrtd:output.obj
 0001:000143c0       ?should_skip_type_state_output@?$standard_base@DV?$string_output_adapter@D@__crt_stdio_output@@@__crt_stdio_output@@IEBA_NXZ 00000001800153c0 f i libucrtd:output.obj
 0001:000143c0       ?should_skip_normal_state_processing@?$standard_base@_WV?$string_output_adapter@_W@__crt_stdio_output@@@__crt_stdio_output@@IEAA_NXZ 00000001800153c0 f i libucrtd:output.obj
 0001:000143c0       ?should_skip_normal_state_processing@?$standard_base@DV?$string_output_adapter@D@__crt_stdio_output@@@__crt_stdio_output@@IEAA_NXZ 00000001800153c0 f i libucrtd:output.obj
 0001:000143d0       ?state_case_dot@?$output_processor@_WV?$string_output_adapter@_W@__crt_stdio_output@@V?$format_validation_base@_WV?$string_output_adapter@_W@__crt_stdio_output@@@2@@__crt_stdio_output@@AEAA_NXZ 00000001800153d0 f i libucrtd:output.obj
 0001:000143d0       ?state_case_dot@?$output_processor@DV?$string_output_adapter@D@__crt_stdio_output@@V?$format_validation_base@DV?$string_output_adapter@D@__crt_stdio_output@@@2@@__crt_stdio_output@@AEAA_NXZ 00000001800153d0 f i libucrtd:output.obj
 0001:000143f0       ?state_case_flag@?$output_processor@DV?$string_output_adapter@D@__crt_stdio_output@@V?$format_validation_base@DV?$string_output_adapter@D@__crt_stdio_output@@@2@@__crt_stdio_output@@AEAA_NXZ 00000001800153f0 f i libucrtd:output.obj
 0001:00014490       ?state_case_flag@?$output_processor@_WV?$string_output_adapter@_W@__crt_stdio_output@@V?$format_validation_base@_WV?$string_output_adapter@_W@__crt_stdio_output@@@2@@__crt_stdio_output@@AEAA_NXZ 0000000180015490 f i libucrtd:output.obj
 0001:00014530       ?state_case_normal@?$output_processor@DV?$string_output_adapter@D@__crt_stdio_output@@V?$format_validation_base@DV?$string_output_adapter@D@__crt_stdio_output@@@2@@__crt_stdio_output@@AEAA_NXZ 0000000180015530 f i libucrtd:output.obj
 0001:00014610       ?state_case_normal@?$output_processor@_WV?$string_output_adapter@_W@__crt_stdio_output@@V?$format_validation_base@_WV?$string_output_adapter@_W@__crt_stdio_output@@@2@@__crt_stdio_output@@AEAA_NXZ 0000000180015610 f i libucrtd:output.obj
 0001:000146f0       ?state_case_normal_common@?$output_processor@DV?$string_output_adapter@D@__crt_stdio_output@@V?$format_validation_base@DV?$string_output_adapter@D@__crt_stdio_output@@@2@@__crt_stdio_output@@AEAA_NXZ 00000001800156f0 f i libucrtd:output.obj
 0001:00014740       ?state_case_normal_common@?$output_processor@_WV?$string_output_adapter@_W@__crt_stdio_output@@V?$format_validation_base@_WV?$string_output_adapter@_W@__crt_stdio_output@@@2@@__crt_stdio_output@@AEAA_NXZ 0000000180015740 f i libucrtd:output.obj
 0001:00014790       ?state_case_normal_tchar@?$output_processor@DV?$string_output_adapter@D@__crt_stdio_output@@V?$format_validation_base@DV?$string_output_adapter@D@__crt_stdio_output@@@2@@__crt_stdio_output@@AEAA_ND@Z 0000000180015790 f i libucrtd:output.obj
 0001:000148d0       ?state_case_normal_tchar@?$output_processor@_WV?$string_output_adapter@_W@__crt_stdio_output@@V?$format_validation_base@_WV?$string_output_adapter@_W@__crt_stdio_output@@@2@@__crt_stdio_output@@AEAA_N_W@Z 00000001800158d0 f i libucrtd:output.obj
 0001:000148f0       ?state_case_percent@?$output_processor@DV?$string_output_adapter@D@__crt_stdio_output@@V?$format_validation_base@DV?$string_output_adapter@D@__crt_stdio_output@@@2@@__crt_stdio_output@@AEAA_NXZ 00000001800158f0 f i libucrtd:output.obj
 0001:000148f0       ?state_case_percent@?$output_processor@_WV?$string_output_adapter@_W@__crt_stdio_output@@V?$format_validation_base@_WV?$string_output_adapter@_W@__crt_stdio_output@@@2@@__crt_stdio_output@@AEAA_NXZ 00000001800158f0 f i libucrtd:output.obj
 0001:00014940       ?state_case_precision@?$output_processor@DV?$string_output_adapter@D@__crt_stdio_output@@V?$format_validation_base@DV?$string_output_adapter@D@__crt_stdio_output@@@2@@__crt_stdio_output@@AEAA_NXZ 0000000180015940 f i libucrtd:output.obj
 0001:000149c0       ?state_case_precision@?$output_processor@_WV?$string_output_adapter@_W@__crt_stdio_output@@V?$format_validation_base@_WV?$string_output_adapter@_W@__crt_stdio_output@@@2@@__crt_stdio_output@@AEAA_NXZ 00000001800159c0 f i libucrtd:output.obj
 0001:00014a40       ?state_case_size@?$output_processor@DV?$string_output_adapter@D@__crt_stdio_output@@V?$format_validation_base@DV?$string_output_adapter@D@__crt_stdio_output@@@2@@__crt_stdio_output@@AEAA_NXZ 0000000180015a40 f i libucrtd:output.obj
 0001:00014ec0       ?state_case_size@?$output_processor@_WV?$string_output_adapter@_W@__crt_stdio_output@@V?$format_validation_base@_WV?$string_output_adapter@_W@__crt_stdio_output@@@2@@__crt_stdio_output@@AEAA_NXZ 0000000180015ec0 f i libucrtd:output.obj
 0001:00015340       ?state_case_type@?$output_processor@DV?$string_output_adapter@D@__crt_stdio_output@@V?$format_validation_base@DV?$string_output_adapter@D@__crt_stdio_output@@@2@@__crt_stdio_output@@AEAA_NXZ 0000000180016340 f i libucrtd:output.obj
 0001:000157e0       ?state_case_type@?$output_processor@_WV?$string_output_adapter@_W@__crt_stdio_output@@V?$format_validation_base@_WV?$string_output_adapter@_W@__crt_stdio_output@@@2@@__crt_stdio_output@@AEAA_NXZ 00000001800167e0 f i libucrtd:output.obj
 0001:00015d40       ?state_case_width@?$output_processor@DV?$string_output_adapter@D@__crt_stdio_output@@V?$format_validation_base@DV?$string_output_adapter@D@__crt_stdio_output@@@2@@__crt_stdio_output@@AEAA_NXZ 0000000180016d40 f i libucrtd:output.obj
 0001:00015dd0       ?state_case_width@?$output_processor@_WV?$string_output_adapter@_W@__crt_stdio_output@@V?$format_validation_base@_WV?$string_output_adapter@_W@__crt_stdio_output@@@2@@__crt_stdio_output@@AEAA_NXZ 0000000180016dd0 f i libucrtd:output.obj
 0001:00015e60       ?state_count@?$format_validation_base@_WV?$string_output_adapter@_W@__crt_stdio_output@@@__crt_stdio_output@@KAIXZ 0000000180016e60 f i libucrtd:output.obj
 0001:00015e60       ?state_count@?$format_validation_base@DV?$string_output_adapter@D@__crt_stdio_output@@@__crt_stdio_output@@KAIXZ 0000000180016e60 f i libucrtd:output.obj
 0001:00015e70       ?state_transition_table@?$format_validation_base@DV?$string_output_adapter@D@__crt_stdio_output@@@__crt_stdio_output@@KAPEBEXZ 0000000180016e70 f i libucrtd:output.obj
 0001:00015e70       ?state_transition_table@?$format_validation_base@_WV?$string_output_adapter@_W@__crt_stdio_output@@@__crt_stdio_output@@KAPEBEXZ 0000000180016e70 f i libucrtd:output.obj
 0001:00015e80       ?tchar_string@?$common_data@D@__crt_stdio_output@@IEAAAEAPEADD@Z 0000000180016e80 f i libucrtd:output.obj
 0001:00015ea0       ?tchar_string@?$common_data@D@__crt_stdio_output@@IEAAAEAPEADXZ 0000000180016ea0 f i libucrtd:output.obj
 0001:00015ec0       ?tchar_string@?$common_data@_W@__crt_stdio_output@@IEAAAEAPEA_WXZ 0000000180016ec0 f i libucrtd:output.obj
 0001:00015ee0       ?tchar_string@?$common_data@_W@__crt_stdio_output@@IEAAAEAPEA_W_W@Z 0000000180016ee0 f i libucrtd:output.obj
 0001:00015f00       ?to_integer_size@__crt_stdio_output@@YA_KW4length_modifier@1@@Z 0000000180016f00 f i libucrtd:output.obj
 0001:00015fb0       ?type_case_X@?$output_processor@DV?$string_output_adapter@D@__crt_stdio_output@@V?$format_validation_base@DV?$string_output_adapter@D@__crt_stdio_output@@@2@@__crt_stdio_output@@AEAA_NXZ 0000000180016fb0 f i libucrtd:output.obj
 0001:00015fd0       ?type_case_X@?$output_processor@_WV?$string_output_adapter@_W@__crt_stdio_output@@V?$format_validation_base@_WV?$string_output_adapter@_W@__crt_stdio_output@@@2@@__crt_stdio_output@@AEAA_NXZ 0000000180016fd0 f i libucrtd:output.obj
 0001:00015ff0       ?type_case_Z@?$output_processor@DV?$string_output_adapter@D@__crt_stdio_output@@V?$format_validation_base@DV?$string_output_adapter@D@__crt_stdio_output@@@2@@__crt_stdio_output@@AEAA_NXZ 0000000180016ff0 f i libucrtd:output.obj
 0001:00016110       ?type_case_Z@?$output_processor@_WV?$string_output_adapter@_W@__crt_stdio_output@@V?$format_validation_base@_WV?$string_output_adapter@_W@__crt_stdio_output@@@2@@__crt_stdio_output@@AEAA_NXZ 0000000180017110 f i libucrtd:output.obj
 0001:00016230       ?type_case_a@?$output_processor@DV?$string_output_adapter@D@__crt_stdio_output@@V?$format_validation_base@DV?$string_output_adapter@D@__crt_stdio_output@@@2@@__crt_stdio_output@@AEAA_NXZ 0000000180017230 f i libucrtd:output.obj
 0001:000165f0       ?type_case_a@?$output_processor@_WV?$string_output_adapter@_W@__crt_stdio_output@@V?$format_validation_base@_WV?$string_output_adapter@_W@__crt_stdio_output@@@2@@__crt_stdio_output@@AEAA_NXZ 00000001800175f0 f i libucrtd:output.obj
 0001:000169c0       ?type_case_c@?$output_processor@DV?$string_output_adapter@D@__crt_stdio_output@@V?$format_validation_base@DV?$string_output_adapter@D@__crt_stdio_output@@@2@@__crt_stdio_output@@AEAA_NXZ 00000001800179c0 f i libucrtd:output.obj
 0001:000169e0       ?type_case_c@?$output_processor@_WV?$string_output_adapter@_W@__crt_stdio_output@@V?$format_validation_base@_WV?$string_output_adapter@_W@__crt_stdio_output@@@2@@__crt_stdio_output@@AEAA_NXZ 00000001800179e0 f i libucrtd:output.obj
 0001:00016a00       ?type_case_c_tchar@?$output_processor@DV?$string_output_adapter@D@__crt_stdio_output@@V?$format_validation_base@DV?$string_output_adapter@D@__crt_stdio_output@@@2@@__crt_stdio_output@@AEAA_ND@Z 0000000180017a00 f i libucrtd:output.obj
 0001:00016b50       ?type_case_c_tchar@?$output_processor@_WV?$string_output_adapter@_W@__crt_stdio_output@@V?$format_validation_base@_WV?$string_output_adapter@_W@__crt_stdio_output@@@2@@__crt_stdio_output@@AEAA_N_W@Z 0000000180017b50 f i libucrtd:output.obj
 0001:00016c80       ?type_case_d@?$output_processor@DV?$string_output_adapter@D@__crt_stdio_output@@V?$format_validation_base@DV?$string_output_adapter@D@__crt_stdio_output@@@2@@__crt_stdio_output@@AEAA_NXZ 0000000180017c80 f i libucrtd:output.obj
 0001:00016cb0       ?type_case_d@?$output_processor@_WV?$string_output_adapter@_W@__crt_stdio_output@@V?$format_validation_base@_WV?$string_output_adapter@_W@__crt_stdio_output@@@2@@__crt_stdio_output@@AEAA_NXZ 0000000180017cb0 f i libucrtd:output.obj
 0001:00016ce0       ?type_case_integer@?$output_processor@DV?$string_output_adapter@D@__crt_stdio_output@@V?$format_validation_base@DV?$string_output_adapter@D@__crt_stdio_output@@@2@@__crt_stdio_output@@AEAA_NI_N@Z 0000000180017ce0 f i libucrtd:output.obj
 0001:00017130       ?type_case_integer@?$output_processor@_WV?$string_output_adapter@_W@__crt_stdio_output@@V?$format_validation_base@_WV?$string_output_adapter@_W@__crt_stdio_output@@@2@@__crt_stdio_output@@AEAA_NI_N@Z 0000000180018130 f i libucrtd:output.obj
 0001:00017580       ?type_case_n@?$output_processor@DV?$string_output_adapter@D@__crt_stdio_output@@V?$format_validation_base@DV?$string_output_adapter@D@__crt_stdio_output@@@2@@__crt_stdio_output@@AEAA_NXZ 0000000180018580 f i libucrtd:output.obj
 0001:000177c0       ?type_case_n@?$output_processor@_WV?$string_output_adapter@_W@__crt_stdio_output@@V?$format_validation_base@_WV?$string_output_adapter@_W@__crt_stdio_output@@@2@@__crt_stdio_output@@AEAA_NXZ 00000001800187c0 f i libucrtd:output.obj
[...]
 0004:000027c0       $pdata$?__mbsrtowcs_utf8@__crt_mbstring@@YA_KPEA_WPEAPEBD_KPEAU_Mbstatet@@@Z 00000001800557c0     libucrtd:mbrtowc.obj
 0004:000027cc       $pdata$c32rtomb            00000001800557cc     libucrtd:c32rtomb.obj
 0004:000027d8       $pdata$?__c32rtomb_utf8@__crt_mbstring@@YA_KPEAD_UPEAU_Mbstatet@@@Z 00000001800557d8     libucrtd:c32rtomb.obj
 0004:000027e4       $pdata$?return_illegal_sequence@__crt_mbstring@@YA_KPEAU_Mbstatet@@@Z 00000001800557e4     libucrtd:c32rtomb.obj
 0004:000027f0       $pdata$?reset_and_return@__crt_mbstring@@YA_K_KPEAU_Mbstatet@@@Z 00000001800557f0     libucrtd:c32rtomb.obj
 0004:000027fc       $pdata$__acrt_fp_strflt_to_string 00000001800557fc     libucrtd:_fptostr.obj
 0004:00002808       $pdata$__acrt_fltout       0000000180055808     libucrtd:cfout.obj
 0004:00002814       $pdata$??0big_integer@__crt_strtox@@QEAA@XZ 0000000180055814     libucrtd:cfout.obj
 0004:00002820       $pdata$??0big_integer@__crt_strtox@@QEAA@AEBU01@@Z 0000000180055820     libucrtd:cfout.obj
 0004:00002820       $pdata$??4big_integer@__crt_strtox@@QEAAAEAU01@AEBU01@@Z 0000000180055820     libucrtd:cfout.obj
 0004:0000282c       $pdata$??8__crt_strtox@@YA_NAEBUbig_integer@0@0@Z 000000018005582c     libucrtd:cfout.obj
 0004:00002838       $pdata$??9__crt_strtox@@YA_NAEBUbig_integer@0@0@Z 0000000180055838     libucrtd:cfout.obj
 0004:00002844       $pdata$?make_big_integer@__crt_strtox@@YA?AUbig_integer@1@_K@Z 0000000180055844     libucrtd:cfout.obj
 0004:00002850       $pdata$?make_big_integer_power_of_two@__crt_strtox@@YA?AUbig_integer@1@I@Z 0000000180055850     libucrtd:cfout.obj
 0004:0000285c       $pdata$?is_zero@__crt_strtox@@YA_NAEBUbig_integer@1@@Z 000000018005585c     libucrtd:cfout.obj
 0004:00002868       $pdata$?bit_scan_reverse@__crt_strtox@@YAII@Z 0000000180055868     libucrtd:cfout.obj
 0004:00002874       $pdata$?shift_left@__crt_strtox@@YA_NAEAUbig_integer@1@I@Z 0000000180055874     libucrtd:cfout.obj
 0004:00002880       $pdata$?add_carry@__crt_strtox@@YAIAEAIII@Z 0000000180055880     libucrtd:cfout.obj
 0004:0000288c       $pdata$?add_multiply_carry@__crt_strtox@@YAIAEAIIII@Z 000000018005588c     libucrtd:cfout.obj
 0004:00002898       $pdata$?multiply_core@__crt_strtox@@YAIQEAIII@Z 0000000180055898     libucrtd:cfout.obj
 0004:000028a4       $pdata$?multiply@__crt_strtox@@YA_NAEAUbig_integer@1@I@Z 00000001800558a4     libucrtd:cfout.obj
 0004:000028b0       $pdata$?multiply@__crt_strtox@@YA_NAEAUbig_integer@1@AEBU21@@Z 00000001800558b0     libucrtd:cfout.obj
 0004:000028bc       $pdata$?multiply_by_power_of_ten@__crt_strtox@@YA_NAEAUbig_integer@1@I@Z 00000001800558bc     libucrtd:cfout.obj
 0004:000028c8       $pdata$?count_sequential_high_zeroes@__crt_strtox@@YAII@Z 00000001800558c8     libucrtd:cfout.obj
 0004:000028d4       $pdata$?divide@__crt_strtox@@YA_KAEAUbig_integer@1@AEBU21@@Z 00000001800558d4     libucrtd:cfout.obj
 0004:000028e0       $pdata$??0scoped_fp_state_reset@?A0x71ca7cfb@@QEAA@XZ 00000001800558e0     libucrtd:cfout.obj
 0004:000028ec       $pdata$??1scoped_fp_state_reset@?A0x71ca7cfb@@QEAA@XZ 00000001800558ec     libucrtd:cfout.obj
 0004:000028f8       $pdata$??$convert_to_fos_high_precision@N@@YAXNIQEAHQEAD_K@Z 00000001800558f8     libucrtd:cfout.obj
 0004:00002904       $pdata$_fcloseall          0000000180055904     libucrtd:closeall.obj
 0004:00002910       $pdata$_fcloseall$fin$0    0000000180055910     libucrtd:closeall.obj
 0004:0000291c       $pdata$?is_in_use@__crt_stdio_stream@@QEBA_NXZ 000000018005591c     libucrtd:closeall.obj
 0004:00002928       $pdata$?has_crt_buffer@__crt_stdio_stream@@QEBA_NXZ 0000000180055928     libucrtd:_freebuf.obj
 0004:00002934       $pdata$__acrt_stdio_free_buffer_nolock 0000000180055934     libucrtd:_freebuf.obj
 0004:00002940       $pdata$__acrt_GetStringTypeW 0000000180055940     libucrtd:getstringtypew.obj
 0004:0000294c       $pdata$_itow_s             000000018005594c     libucrtd:xtoa.obj
 0004:00002958       $pdata$_itoa_s             0000000180055958     libucrtd:xtoa.obj
 0004:00002964       $pdata$??$common_xtox_s@KD@@YAHKQEAD_KI_N@Z 0000000180055964     libucrtd:xtoa.obj
 0004:00002970       $pdata$??$common_xtox@KD@@YAHKQEAD_KI_N@Z 0000000180055970     libucrtd:xtoa.obj
 0004:0000297c       $pdata$??$common_xtox_s@K_W@@YAHKQEA_W_KI_N@Z 000000018005597c     libucrtd:xtoa.obj
 0004:00002988       $pdata$??$common_xtox@K_W@@YAHKQEA_W_KI_N@Z 0000000180055988     libucrtd:xtoa.obj
 0004:00002994       $pdata$mbstowcs_s          0000000180055994     libucrtd:mbstowcs.obj
 0004:000029a0       $pdata$_mbstowcs_s_l       00000001800559a0     libucrtd:mbstowcs.obj
 0004:000029ac       $pdata$?_mbstowcs_l_helper@@YA_KPEA_WPEBD_KPEAU__crt_locale_pointers@@@Z 00000001800559ac     libucrtd:mbstowcs.obj
 0004:000029b8       $pdata$wcstombs_s          00000001800559b8     libucrtd:wcstombs.obj
 0004:000029c4       $pdata$_wcstombs_s_l       00000001800559c4     libucrtd:wcstombs.obj
 0004:000029d0       $pdata$?wcsncnt@@YA_KPEB_W_K@Z 00000001800559d0     libucrtd:wcstombs.obj
 0004:000029dc       $pdata$?_wcstombs_l_helper@@YA_KPEADPEB_W_KPEAU__crt_locale_pointers@@@Z 00000001800559dc     libucrtd:wcstombs.obj
 0004:000029e8       $pdata$?dtor$0@?0??_wcstombs_l_helper@@YA_KPEADPEB_W_KPEAU__crt_locale_pointers@@@Z@4HA 00000001800559e8     libucrtd:wcstombs.obj
 0004:000029f4       $pdata$strcat_s            00000001800559f4     libucrtd:strcat_s.obj
 0004:00002a00       $pdata$??$common_tcscat_s@D@@YAHQEAD_KQEBD@Z 0000000180055a00     libucrtd:strcat_s.obj
 0004:00002a0c       $pdata$__acrt_OutputDebugStringA 0000000180055a0c     libucrtd:outputdebugstringa.obj
 0004:00002a18       $pdata$__strncnt           0000000180055a18     libucrtd:strncnt.obj
 0004:00002a24       $pdata$__ascii_wcsnicmp    0000000180055a24     libucrtd:wcsnicmp.obj
 0004:00002a30       $pdata$_commit             0000000180055a30     libucrtd:commit.obj
 0004:00002a3c       $pdata$??R<lambda_5533cddd4bda0037814beee657757329>@@QEBAHXZ 0000000180055a3c     libucrtd:commit.obj
 0004:00002a48       $pdata$??$__acrt_lowio_lock_fh_and_call@V<lambda_5533cddd4bda0037814beee657757329>@@@@YAHH$$QEAV<lambda_5533cddd4bda0037814beee657757329>@@@Z 0000000180055a48     libucrtd:commit.obj
 0004:00002a54       $pdata$??R<lambda_53fc7fc888e23d815d7080162c0aeeb2>@@QEBAXXZ 0000000180055a54     libucrtd:close.obj
 0004:00002a54       $pdata$??R<lambda_4e3dbe6921bc0b5a1a6bc6573fdc859e>@@QEBAXXZ 0000000180055a54     libucrtd:commit.obj
 0004:00002a60       $pdata$??R<lambda_8ddc48ad9d26c778cb15812d1d88fc8a>@@QEBAXXZ 0000000180055a60     libucrtd:close.obj
 0004:00002a60       $pdata$??R<lambda_47cffbaa968af5c721c38a4a6f8da44d>@@QEBAXXZ 0000000180055a60     libucrtd:commit.obj
 0004:00002a6c       $pdata$??$?RV<lambda_4e3dbe6921bc0b5a1a6bc6573fdc859e>@@AEAV<lambda_5533cddd4bda0037814beee657757329>@@V<lambda_47cffbaa968af5c721c38a4a6f8da44d>@@@?$__crt_seh_guarded_call@H@@QEAAH$$QEAV<lambda_4e3dbe6921bc0b5a1a6bc6573fdc859e>@@AEAV<lambda_5533cddd4bda0037814beee657757329>@@$$QEAV<lambda_47cffbaa968af5c721c38a4a6f8da44d>@@@Z 0000000180055a6c     libucrtd:commit.obj
 0004:00002a78       $pdata$?fin$0@?0???$?RV<lambda_53fc7fc888e23d815d7080162c0aeeb2>@@AEAV<lambda_4e7105787b7b0e0227fbf2b2d883fa65>@@V<lambda_8ddc48ad9d26c778cb15812d1d88fc8a>@@@?$__crt_seh_guarded_call@H@@QEAAH$$QEAV<lambda_53fc7fc888e23d815d7080162c0aeeb2>@@AEAV<lambda_4e7105787b7b0e0227fbf2b2d883fa65>@@$$QEAV<lambda_8ddc48ad9d26c778cb15812d1d88fc8a>@@@Z@4HA 0000000180055a78     libucrtd:close.obj
 0004:00002a78       $pdata$?fin$0@?0???$?RV<lambda_4e3dbe6921bc0b5a1a6bc6573fdc859e>@@AEAV<lambda_5533cddd4bda0037814beee657757329>@@V<lambda_47cffbaa968af5c721c38a4a6f8da44d>@@@?$__crt_seh_guarded_call@H@@QEAAH$$QEAV<lambda_4e3dbe6921bc0b5a1a6bc6573fdc859e>@@AEAV<lambda_5533cddd4bda0037814beee657757329>@@$$QEAV<lambda_47cffbaa968af5c721c38a4a6f8da44d>@@@Z@4HA 0000000180055a78     libucrtd:commit.obj
 0004:00002a84       $pdata$_write              0000000180055a84     libucrtd:write.obj
 0004:00002a90       $pdata$_write$fin$0        0000000180055a90     libucrtd:write.obj
 0004:00002a9c       $pdata$_write_nolock       0000000180055a9c     libucrtd:write.obj
 0004:00002aa8       $pdata$?write_requires_double_translation_nolock@@YA_NH@Z 0000000180055aa8     libucrtd:write.obj
 0004:00002ab4       $pdata$?write_double_translated_ansi_nolock@@YA?AUwrite_result@?A0x17268360@@HQEBDI@Z 0000000180055ab4     libucrtd:write.obj
 0004:00002ac0       $pdata$?write_double_translated_unicode_nolock@@YA?AUwrite_result@?A0x17268360@@QEBDI@Z 0000000180055ac0     libucrtd:write.obj
 0004:00002acc       $pdata$?write_text_ansi_nolock@@YA?AUwrite_result@?A0x17268360@@HQEBDI@Z 0000000180055acc     libucrtd:write.obj
 0004:00002ad8       $pdata$?write_text_utf16le_nolock@@YA?AUwrite_result@?A0x17268360@@HQEBDI@Z 0000000180055ad8     libucrtd:write.obj
 0004:00002ae4       $pdata$?write_text_utf8_nolock@@YA?AUwrite_result@?A0x17268360@@HQEBDI@Z 0000000180055ae4     libucrtd:write.obj
 0004:00002af0       $pdata$?write_binary_nolock@@YA?AUwrite_result@?A0x17268360@@HQEBDI@Z 0000000180055af0     libucrtd:write.obj
 0004:00002afc       $pdata$?__mbrtoc32_utf8@__crt_mbstring@@YA_KPEA_UPEBD_KPEAU_Mbstatet@@@Z 0000000180055afc     libucrtd:mbrtoc32.obj
 0004:00002b14       $pdata$ceil                0000000180055b14     libucrtd:ceil.obj
 0004:00002b20       $pdata$fegetenv            0000000180055b20     libucrtd:fegetenv.obj
 0004:00002b2c       $pdata$fesetenv            0000000180055b2c     libucrtd:fesetenv.obj
 0004:00002b38       $pdata$feholdexcept        0000000180055b38     libucrtd:feholdexcept.obj
 0004:00002b44       $pdata$_lseeki64_nolock    0000000180055b44     libucrtd:lseek.obj
 0004:00002b50       $pdata$?common_lseek_do_seek_nolock@@YA_JQEAX_JH@Z 0000000180055b50     libucrtd:lseek.obj
 0004:00002b5c       $pdata$??$common_lseek_nolock@_J@@YA_JH_JH@Z 0000000180055b5c     libucrtd:lseek.obj
 0004:00002b68       $pdata$fclose              0000000180055b68     libucrtd:fclose.obj
 0004:00002b74       $pdata$fclose$fin$0        0000000180055b74     libucrtd:fclose.obj
 0004:00002b80       $pdata$_fclose_nolock      0000000180055b80     libucrtd:fclose.obj
 0004:00002b8c       $pdata$?__wcsrtombs_utf8@__crt_mbstring@@YA_KPEADPEAPEB_W_KPEAU_Mbstatet@@@Z 0000000180055b8c     libucrtd:wcrtomb.obj
 0004:00002b98       $pdata$_putwch_nolock      0000000180055b98     libucrtd:putwch.obj
 0004:00002ba4       $pdata$_log_special_common 0000000180055ba4     libucrtd:log_special.obj
 0004:00002bb0       $pdata$_log10_special      0000000180055bb0     libucrtd:log_special.obj
 0004:00002bbc       $pdata$??$__acrt_fenv_shift_bits@W4__acrt_fenv_abstract_control@@@@YA?AW4__acrt_fenv_abstract_control@@W40@0I@Z 0000000180055bbc     libucrtd:_fenvutils.obj
 0004:00002bbc       $pdata$??$__acrt_fenv_shift_bits@W4__acrt_fenv_abstract_status@@@@YA?AW4__acrt_fenv_abstract_status@@W40@0I@Z 0000000180055bbc     libucrtd:_fenvutils.obj
 0004:00002bc8       $pdata$??$__acrt_fenv_unshift_bits@W4__acrt_fenv_abstract_control@@@@YA?AW4__acrt_fenv_abstract_control@@W40@0I@Z 0000000180055bc8     libucrtd:_fenvutils.obj
 0004:00002bc8       $pdata$??$__acrt_fenv_unshift_bits@W4__acrt_fenv_abstract_status@@@@YA?AW4__acrt_fenv_abstract_status@@W40@0I@Z 0000000180055bc8     libucrtd:_fenvutils.obj
 0004:00002bd4       $pdata$?__acrt_fenv_shift_abstract_sse_status@@YA?AW4__acrt_fenv_abstract_status@@W41@@Z 0000000180055bd4     libucrtd:_fenvutils.obj
 0004:00002be0       $pdata$?__acrt_fenv_unshift_abstract_sse_status@@YA?AW4__acrt_fenv_abstract_status@@W41@@Z 0000000180055be0     libucrtd:_fenvutils.obj
 0004:00002bec       $pdata$?__acrt_fenv_shift_abstract_sse_control@@YA?AW4__acrt_fenv_abstract_control@@W41@@Z 0000000180055bec     libucrtd:_fenvutils.obj
 0004:00002bf8       $pdata$?__acrt_fenv_unshift_abstract_sse_control@@YA?AW4__acrt_fenv_abstract_control@@W41@@Z 0000000180055bf8     libucrtd:_fenvutils.obj
 0004:00002c04       $pdata$__acrt_fenv_get_status 0000000180055c04     libucrtd:_fenvutils.obj
 0004:00002c10       $pdata$__acrt_fenv_set_status 0000000180055c10     libucrtd:_fenvutils.obj
 0004:00002c1c       $pdata$__acrt_fenv_get_control 0000000180055c1c     libucrtd:_fenvutils.obj
 0004:00002c28       $pdata$__acrt_fenv_set_control 0000000180055c28     libucrtd:_fenvutils.obj
 0004:00002c34       $pdata$?to_machine_sse_status@@YA?AW4__acrt_fenv_machine_sse_status@@W4__acrt_fenv_abstract_status@@@Z 0000000180055c34     libucrtd:_fenvutils.obj
 0004:00002c40       $pdata$??$translate_status@W4__acrt_fenv_machine_sse_status@@W4__acrt_fenv_abstract_status@@@@YA?AW4__acrt_fenv_machine_sse_status@@W4__acrt_fenv_abstract_status@@@Z 0000000180055c40     libucrtd:_fenvutils.obj
 0004:00002c4c       $pdata$?translate_control_denormal_control_to_sse@@YA?AW4__acrt_fenv_machine_sse_control@@W4__acrt_fenv_abstract_control@@@Z 0000000180055c4c     libucrtd:_fenvutils.obj
 0004:00002c58       $pdata$?translate_control_denormal_control_from_sse@@YA?AW4__acrt_fenv_abstract_control@@W4__acrt_fenv_machine_sse_control@@@Z 0000000180055c58     libucrtd:_fenvutils.obj
 0004:00002c64       $pdata$?to_abstract_control@@YA?AW4__acrt_fenv_abstract_control@@W4__acrt_fenv_machine_sse_control@@@Z 0000000180055c64     libucrtd:_fenvutils.obj
 0004:00002c70       $pdata$??$translate_control_exception_mask@W4__acrt_fenv_abstract_control@@W4__acrt_fenv_machine_sse_control@@@@YA?AW4__acrt_fenv_abstract_control@@W4__acrt_fenv_machine_sse_control@@@Z 0000000180055c70     libucrtd:_fenvutils.obj
 0004:00002c7c       $pdata$??$translate_control_rounding_control@W4__acrt_fenv_abstract_control@@W4__acrt_fenv_machine_sse_control@@@@YA?AW4__acrt_fenv_abstract_control@@W4__acrt_fenv_machine_sse_control@@@Z 0000000180055c7c     libucrtd:_fenvutils.obj
 0004:00002c88       $pdata$?to_machine_sse_control@@YA?AW4__acrt_fenv_machine_sse_control@@W4__acrt_fenv_abstract_control@@@Z 0000000180055c88     libucrtd:_fenvutils.obj
 0004:00002c94       $pdata$??$translate_control_exception_mask@W4__acrt_fenv_machine_sse_control@@W4__acrt_fenv_abstract_control@@@@YA?AW4__acrt_fenv_machine_sse_control@@W4__acrt_fenv_abstract_control@@@Z 0000000180055c94     libucrtd:_fenvutils.obj
 0004:00002ca0       $pdata$??$translate_control_rounding_control@W4__acrt_fenv_machine_sse_control@@W4__acrt_fenv_abstract_control@@@@YA?AW4__acrt_fenv_machine_sse_control@@W4__acrt_fenv_abstract_control@@@Z 0000000180055ca0     libucrtd:_fenvutils.obj
 0004:00002cac       $pdata$?get_machine_sse_status@@YA?AW4__acrt_fenv_machine_sse_status@@XZ 0000000180055cac     libucrtd:_fenvutils.obj
 0004:00002cb8       $pdata$?set_machine_sse_status@@YAXW4__acrt_fenv_machine_sse_status@@@Z 0000000180055cb8     libucrtd:_fenvutils.obj
 0004:00002cc4       $pdata$?get_machine_sse_control@@YA?AW4__acrt_fenv_machine_sse_control@@XZ 0000000180055cc4     libucrtd:_fenvutils.obj
 0004:00002cd0       $pdata$?set_machine_sse_control@@YAXW4__acrt_fenv_machine_sse_control@@@Z 0000000180055cd0     libucrtd:_fenvutils.obj
 0004:00002cdc       $pdata$??$to_abstract_status@W4__acrt_fenv_machine_sse_status@@@@YA?AW4__acrt_fenv_abstract_status@@W4__acrt_fenv_machine_sse_status@@@Z 0000000180055cdc     libucrtd:_fenvutils.obj
 0004:00002ce8       $pdata$??$__acrt_fenv_translate_bit@W4__acrt_fenv_abstract_status@@W4__acrt_fenv_machine_sse_status@@@@YA?AW4__acrt_fenv_abstract_status@@W4__acrt_fenv_machine_sse_status@@0W40@1@Z 0000000180055ce8     libucrtd:_fenvutils.obj
 0004:00002ce8       $pdata$??$__acrt_fenv_translate_bit@W4__acrt_fenv_machine_sse_status@@W4__acrt_fenv_abstract_status@@@@YA?AW4__acrt_fenv_machine_sse_status@@W4__acrt_fenv_abstract_status@@0W40@1@Z 0000000180055ce8     libucrtd:_fenvutils.obj
 0004:00002cf4       $pdata$??$__acrt_fenv_translate_bit@W4__acrt_fenv_abstract_control@@W4__acrt_fenv_machine_sse_control@@@@YA?AW4__acrt_fenv_abstract_control@@W4__acrt_fenv_machine_sse_control@@0W40@1@Z 0000000180055cf4     libucrtd:_fenvutils.obj
 0004:00002d00       $pdata$??$__acrt_fenv_translate_bit@W4__acrt_fenv_machine_sse_control@@W4__acrt_fenv_abstract_control@@@@YA?AW4__acrt_fenv_machine_sse_control@@W4__acrt_fenv_abstract_control@@0W40@1@Z 0000000180055d00     libucrtd:_fenvutils.obj
 0004:00002d0c       $pdata$??$translate_status@W4__acrt_fenv_abstract_status@@W4__acrt_fenv_machine_sse_status@@@@YA?AW4__acrt_fenv_abstract_status@@W4__acrt_fenv_machine_sse_status@@@Z 0000000180055d0c     libucrtd:_fenvutils.obj
 0004:00002d18       $pdata$_clearfp            0000000180055d18     libucrtd:ieee.obj
 0004:00002d24       $pdata$_abstract_sw        0000000180055d24     libucrtd:ieee.obj
 0004:00002d30       $pdata$_close              0000000180055d30     libucrtd:close.obj
 0004:00002d3c       $pdata$_close_nolock       0000000180055d3c     libucrtd:close.obj
 0004:00002d48       $pdata$?close_os_handle_nolock@@YAKH@Z 0000000180055d48     libucrtd:close.obj
 0004:00002d54       $pdata$??R<lambda_4e7105787b7b0e0227fbf2b2d883fa65>@@QEBAHXZ 0000000180055d54     libucrtd:close.obj
 0004:00002d60       $pdata$??$__acrt_lowio_lock_fh_and_call@V<lambda_4e7105787b7b0e0227fbf2b2d883fa65>@@@@YAHH$$QEAV<lambda_4e7105787b7b0e0227fbf2b2d883fa65>@@@Z 0000000180055d60     libucrtd:close.obj
 0004:00002d6c       $pdata$??$?RV<lambda_53fc7fc888e23d815d7080162c0aeeb2>@@AEAV<lambda_4e7105787b7b0e0227fbf2b2d883fa65>@@V<lambda_8ddc48ad9d26c778cb15812d1d88fc8a>@@@?$__crt_seh_guarded_call@H@@QEAAH$$QEAV<lambda_53fc7fc888e23d815d7080162c0aeeb2>@@AEAV<lambda_4e7105787b7b0e0227fbf2b2d883fa65>@@$$QEAV<lambda_8ddc48ad9d26c778cb15812d1d88fc8a>@@@Z 0000000180055d6c     libucrtd:close.obj
 0004:00002d78       $pdata$?__acrt_stdio_free_stream@@YAXV__crt_stdio_stream@@@Z 0000000180055d78     libucrtd:stream.obj
 0004:00002d84       $pdata$?__c16rtomb_utf8@__crt_mbstring@@YA_KPEAD_SPEAU_Mbstatet@@@Z 0000000180055d84     libucrtd:c16rtomb.obj
 0004:00002d90       $pdata$?store_first_surrogate@?A0xc60ee810@@YAX_SPEAU_Mbstatet@@@Z 0000000180055d90     libucrtd:c16rtomb.obj
 0004:00002d9c       $pdata$?has_surrogate@?A0xc60ee810@@YA_NPEAU_Mbstatet@@@Z 0000000180055d9c     libucrtd:c16rtomb.obj
 0004:00002da8       $pdata$?is_first_surrogate@?A0xc60ee810@@YA_N_S@Z 0000000180055da8     libucrtd:c16rtomb.obj
 0004:00002db4       $pdata$?is_second_surrogate@?A0xc60ee810@@YA_N_S@Z 0000000180055db4     libucrtd:c16rtomb.obj
 0004:00002dc0       $pdata$__dcrt_lowio_ensure_console_output_initialized 0000000180055dc0     libucrtd:initcon.obj
 0004:00002dcc       $pdata$__dcrt_write_console 0000000180055dcc     libucrtd:initcon.obj
 0004:00002dd8       $pdata$__dcrt_terminate_console_output 0000000180055dd8     libucrtd:initcon.obj
 0004:00002de4       $pdata$_ValidateImageBase  0000000180055de4     LIBCMTD:pesect.obj
 0004:00002df0       $pdata$_FindPESection      0000000180055df0     LIBCMTD:pesect.obj
 0004:00002dfc       $pdata$_IsNonwritableInCurrentImage 0000000180055dfc     LIBCMTD:pesect.obj
 0004:00002e08       $pdata$_IsNonwritableInCurrentImage$filt$0 0000000180055e08     LIBCMTD:pesect.obj
 0004:00002e14       $pdata$??_Gtype_info@@UEAAPEAXI@Z 0000000180055e14     LIBCMTD:std_type_info_static.obj
 0004:00002e20       $pdata$??3@YAXPEAX_K@Z     0000000180055e20     LIBCMTD:delete_scalar_size.obj
 0004:00002e2c       $pdata$__GSHandlerCheck_SEH 0000000180055e2c     LIBCMTD:gshandlerseh.obj
 0004:00002e44       $pdata$__GSHandlerCheck_EH 0000000180055e44     LIBCMTD:gshandlereh.obj
 0004:00002e50       $pdata$??3@YAXPEAX@Z       0000000180055e50     LIBCMTD:delete_scalar.obj
 0004:00002e68       $pdata$strrchr             0000000180055e68     libvcruntimed:strrchr.obj
 0005:00000000       MoveSmall                  0000000180056000     libvcruntimed:memcpy.obj
 0005:00000050       MsetTab                    0000000180056050     libvcruntimed:memset.obj
